Component: ARM Compiler 5.06 (build 20) Tool: armlink [4d35a3]

==============================================================================

Section Cross References

    main.o(.text) refers to misc.o(.text) for NVIC_PriorityGroupConfig
    main.o(.text) refers to delay.o(.text) for delay_init
    main.o(.text) refers to usart.o(.text) for uart_init
    main.o(.text) refers to timer.o(.text) for TIM3_Int_Init
    main.o(.text) refers to led.o(.text) for LED_Init
    main.o(.text) refers to lcd.o(.text) for LCD_Init
    main.o(.text) refers to key.o(.text) for KEY_Init
    main.o(.text) refers to w25qxx.o(.text) for W25QXX_Init
    main.o(.text) refers to wm8978.o(.text) for WM8978_Init
    main.o(.text) refers to malloc.o(.text) for my_mem_init
    main.o(.text) refers to exfuns.o(.text) for exfuns_init
    main.o(.text) refers to ff.o(.text) for f_mount
    main.o(.text) refers to fontupd.o(.text) for font_init
    main.o(.text) refers to text.o(.text) for Show_Str
    main.o(.text) refers to lvgl_demo.o(.text) for lvgl_demo
    main.o(.text) refers to usmart_config.o(.data) for usmart_dev
    main.o(.text) refers to exfuns.o(.bss) for fs
    main.o(.text) refers to lcd.o(.data) for POINT_COLOR
    system_stm32f4xx.o(.text) refers to system_stm32f4xx.o(.data) for .data
    lvgl_demo.o(.text) refers to tasks.o(.text) for vTaskSuspend
    lvgl_demo.o(.text) refers to audioplay.o(.text) for audio_play
    lvgl_demo.o(.text) refers to videoplayer.o(.text) for video_play
    lvgl_demo.o(.text) refers to stm32f4xx_gpio.o(.text) for GPIO_ResetBits
    lvgl_demo.o(.text) refers to port.o(.text) for vPortEnterCritical
    lvgl_demo.o(.text) refers to noretval__2printf.o(.text) for __2printf
    lvgl_demo.o(.text) refers to lvgl_demo.o(.data) for .data
    led.o(.text) refers to stm32f4xx_rcc.o(.text) for RCC_AHB1PeriphClockCmd
    led.o(.text) refers to stm32f4xx_gpio.o(.text) for GPIO_Init
    lcd.o(.text) refers to _printf_percent.o(.ARM.Collect$$_printf_percent$$00000000) for _printf_percent
    lcd.o(.text) refers to _printf_x.o(.ARM.Collect$$_printf_percent$$0000000C) for _printf_x
    lcd.o(.text) refers to _printf_hex_int_ptr.o(.text) for _printf_longlong_hex
    lcd.o(.text) refers to delay.o(.text) for delay_us
    lcd.o(.text) refers to lcd.o(.bss) for .bss
    lcd.o(.text) refers to lcd.o(.data) for .data
    lcd.o(.text) refers to dflt_clz.o(x$fpl$dfltu) for __aeabi_ui2d
    lcd.o(.text) refers to dmul.o(x$fpl$dmul) for __aeabi_dmul
    lcd.o(.text) refers to dfixu.o(x$fpl$dfixu) for __aeabi_d2uiz
    lcd.o(.text) refers to stm32f4xx_rcc.o(.text) for RCC_AHB1PeriphClockCmd
    lcd.o(.text) refers to stm32f4xx_gpio.o(.text) for GPIO_Init
    lcd.o(.text) refers to stm32f4xx_fsmc.o(.text) for FSMC_NORSRAMInit
    lcd.o(.text) refers to noretval__2printf.o(.text) for __2printf
    lcd.o(.text) refers to lcd.o(.constdata) for .constdata
    key.o(.text) refers to stm32f4xx_rcc.o(.text) for RCC_AHB1PeriphClockCmd
    key.o(.text) refers to stm32f4xx_gpio.o(.text) for GPIO_Init
    key.o(.text) refers to delay.o(.text) for delay_ms
    key.o(.text) refers to key.o(.data) for .data
    spi.o(.text) refers to stm32f4xx_spi.o(.text) for SPI_I2S_GetFlagStatus
    spi.o(.text) refers to stm32f4xx_rcc.o(.text) for RCC_AHB1PeriphClockCmd
    spi.o(.text) refers to stm32f4xx_gpio.o(.text) for GPIO_Init
    w25qxx.o(.text) refers to _printf_percent.o(.ARM.Collect$$_printf_percent$$00000000) for _printf_percent
    w25qxx.o(.text) refers to _printf_x.o(.ARM.Collect$$_printf_percent$$0000000C) for _printf_x
    w25qxx.o(.text) refers to _printf_hex_int_ptr.o(.text) for _printf_longlong_hex
    w25qxx.o(.text) refers to spi.o(.text) for SPI1_ReadWriteByte
    w25qxx.o(.text) refers to stm32f4xx_rcc.o(.text) for RCC_AHB1PeriphClockCmd
    w25qxx.o(.text) refers to stm32f4xx_gpio.o(.text) for GPIO_Init
    w25qxx.o(.text) refers to noretval__2printf.o(.text) for __2printf
    w25qxx.o(.text) refers to delay.o(.text) for delay_us
    w25qxx.o(.text) refers to w25qxx.o(.data) for .data
    w25qxx.o(.text) refers to w25qxx.o(.bss) for .bss
    sdio_sdcard.o(.text) refers to stm32f4xx_sdio.o(.text) for SDIO_GetFlagStatus
    sdio_sdcard.o(.text) refers to sdio_sdcard.o(.data) for .data
    sdio_sdcard.o(.text) refers to sdio_sdcard.o(.bss) for .bss
    sdio_sdcard.o(.text) refers to stm32f4xx_rcc.o(.text) for RCC_AHB1PeriphClockCmd
    sdio_sdcard.o(.text) refers to stm32f4xx_gpio.o(.text) for GPIO_Init
    sdio_sdcard.o(.text) refers to misc.o(.text) for NVIC_Init
    sdio_sdcard.o(.text) refers to stm32f4xx_dma.o(.text) for DMA_GetCmdStatus
    sdio_sdcard.o(.text) refers to sys.o(.emb_text) for INTX_DISABLE
    sdio_sdcard.o(.text) refers to rt_memcpy_v6.o(.text) for __aeabi_memcpy
    myiic.o(.text) refers to stm32f4xx_rcc.o(.text) for RCC_AHB1PeriphClockCmd
    myiic.o(.text) refers to stm32f4xx_gpio.o(.text) for GPIO_Init
    myiic.o(.text) refers to delay.o(.text) for delay_us
[...]
    SPI_GetCRCPolynomial                     0x08007eeb   Thumb Code     4  stm32f4xx_spi.o(.text)
    SPI_I2S_DMACmd                           0x08007eef   Thumb Code    16  stm32f4xx_spi.o(.text)
    SPI_I2S_ITConfig                         0x08007eff   Thumb Code    24  stm32f4xx_spi.o(.text)
    SPI_I2S_GetFlagStatus                    0x08007f17   Thumb Code    14  stm32f4xx_spi.o(.text)
    SPI_I2S_ClearFlag                        0x08007f25   Thumb Code     6  stm32f4xx_spi.o(.text)
    SPI_I2S_GetITStatus                      0x08007f2b   Thumb Code    44  stm32f4xx_spi.o(.text)
    SPI_I2S_ClearITPendingBit                0x08007f57   Thumb Code    14  stm32f4xx_spi.o(.text)
    SDIO_DeInit                              0x08007f89   Thumb Code    24  stm32f4xx_sdio.o(.text)
    SDIO_Init                                0x08007fa1   Thumb Code    40  stm32f4xx_sdio.o(.text)
    SDIO_StructInit                          0x08007fc9   Thumb Code    16  stm32f4xx_sdio.o(.text)
    SDIO_ClockCmd                            0x08007fd9   Thumb Code     8  stm32f4xx_sdio.o(.text)
    SDIO_SetPowerState                       0x08007fe1   Thumb Code     8  stm32f4xx_sdio.o(.text)
    SDIO_GetPowerState                       0x08007fe9   Thumb Code    12  stm32f4xx_sdio.o(.text)
    SDIO_SendCommand                         0x08007ff5   Thumb Code    38  stm32f4xx_sdio.o(.text)
    SDIO_CmdStructInit                       0x0800801b   Thumb Code    14  stm32f4xx_sdio.o(.text)
    SDIO_GetCommandResponse                  0x08008029   Thumb Code    10  stm32f4xx_sdio.o(.text)
    SDIO_GetResponse                         0x08008033   Thumb Code    14  stm32f4xx_sdio.o(.text)
    SDIO_DataConfig                          0x08008041   Thumb Code    44  stm32f4xx_sdio.o(.text)
    SDIO_DataStructInit                      0x0800806d   Thumb Code    20  stm32f4xx_sdio.o(.text)
    SDIO_GetDataCounter                      0x08008081   Thumb Code     8  stm32f4xx_sdio.o(.text)
    SDIO_ReadData                            0x08008089   Thumb Code     8  stm32f4xx_sdio.o(.text)
    SDIO_WriteData                           0x08008091   Thumb Code     8  stm32f4xx_sdio.o(.text)
    SDIO_GetFIFOCount                        0x08008099   Thumb Code     8  stm32f4xx_sdio.o(.text)
    SDIO_StartSDIOReadWait                   0x080080a1   Thumb Code     6  stm32f4xx_sdio.o(.text)
    SDIO_StopSDIOReadWait                    0x080080a7   Thumb Code     8  stm32f4xx_sdio.o(.text)
    SDIO_SetSDIOReadWaitMode                 0x080080af   Thumb Code     8  stm32f4xx_sdio.o(.text)
    SDIO_SetSDIOOperation                    0x080080b7   Thumb Code     8  stm32f4xx_sdio.o(.text)
    SDIO_SendSDIOSuspendCmd                  0x080080bf   Thumb Code     8  stm32f4xx_sdio.o(.text)
    SDIO_CommandCompletionCmd                0x080080c7   Thumb Code     8  stm32f4xx_sdio.o(.text)
    SDIO_CEATAITCmd                          0x080080cf   Thumb Code    12  stm32f4xx_sdio.o(.text)
    SDIO_SendCEATACmd                        0x080080db   Thumb Code     8  stm32f4xx_sdio.o(.text)
    SDIO_DMACmd                              0x080080e3   Thumb Code     8  stm32f4xx_sdio.o(.text)
    SDIO_ITConfig                            0x080080eb   Thumb Code    20  stm32f4xx_sdio.o(.text)
    SDIO_GetFlagStatus                       0x080080ff   Thumb Code    18  stm32f4xx_sdio.o(.text)
    SDIO_ClearFlag                           0x08008111   Thumb Code     8  stm32f4xx_sdio.o(.text)
    SDIO_GetITStatus                         0x08008119   Thumb Code    18  stm32f4xx_sdio.o(.text)
    SDIO_ClearITPendingBit                   0x0800812b   Thumb Code     8  stm32f4xx_sdio.o(.text)
    DMA_DeInit                               0x08008141   Thumb Code   272  stm32f4xx_dma.o(.text)
    DMA_Init                                 0x08008251   Thumb Code    80  stm32f4xx_dma.o(.text)
    DMA_StructInit                           0x080082a1   Thumb Code    34  stm32f4xx_dma.o(.text)
    DMA_Cmd                                  0x080082c3   Thumb Code    20  stm32f4xx_dma.o(.text)
    DMA_PeriphIncOffsetSizeConfig            0x080082d7   Thumb Code    20  stm32f4xx_dma.o(.text)
    DMA_FlowControllerConfig                 0x080082eb   Thumb Code    20  stm32f4xx_dma.o(.text)
    DMA_SetCurrDataCounter                   0x080082ff   Thumb Code     4  stm32f4xx_dma.o(.text)
    DMA_GetCurrDataCounter                   0x08008303   Thumb Code     6  stm32f4xx_dma.o(.text)
    DMA_DoubleBufferModeConfig               0x08008309   Thumb Code    22  stm32f4xx_dma.o(.text)
    DMA_DoubleBufferModeCmd                  0x0800831f   Thumb Code    20  stm32f4xx_dma.o(.text)
    DMA_MemoryTargetConfig                   0x08008333   Thumb Code    10  stm32f4xx_dma.o(.text)
    DMA_GetCurrentMemoryTarget               0x0800833d   Thumb Code    14  stm32f4xx_dma.o(.text)
    DMA_GetCmdStatus                         0x0800834b   Thumb Code    14  stm32f4xx_dma.o(.text)
    DMA_GetFIFOStatus                        0x08008359   Thumb Code     8  stm32f4xx_dma.o(.text)
    DMA_GetFlagStatus                        0x08008361   Thumb Code    42  stm32f4xx_dma.o(.text)
    DMA_ClearFlag                            0x0800838b   Thumb Code    34  stm32f4xx_dma.o(.text)
    DMA_ITConfig                             0x080083ad   Thumb Code    44  stm32f4xx_dma.o(.text)
    DMA_GetITStatus                          0x080083d9   Thumb Code    70  stm32f4xx_dma.o(.text)
    DMA_ClearITPendingBit                    0x0800841f   Thumb Code    34  stm32f4xx_dma.o(.text)
    mymemcpy                                 0x08008461   Thumb Code    16  malloc.o(.text)
    mymemset                                 0x08008471   Thumb Code    12  malloc.o(.text)
    my_mem_init                              0x0800847d   Thumb Code    52  malloc.o(.text)
    my_mem_perused                           0x080084b1   Thumb Code    48  malloc.o(.text)
    my_mem_malloc                            0x080084e1   Thumb Code   132  malloc.o(.text)
    my_mem_free                              0x08008565   Thumb Code    82  malloc.o(.text)
    myfree                                   0x080085b7   Thumb Code    18  malloc.o(.text)
    mymalloc                                 0x080085c9   Thumb Code    28  malloc.o(.text)
    myrealloc                                0x080085e5   Thumb Code    54  malloc.o(.text)
    usmart_sys_cmd_exe                       0x08008625   Thumb Code  1442  usmart.o(.text)
    usmart_reset_runtime                     0x08008bc7   Thumb Code    40  usmart.o(.text)
    usmart_get_runtime                       0x08008bef   Thumb Code    48  usmart.o(.text)
    TIM4_IRQHandler                          0x08008c1f   Thumb Code    50  usmart.o(.text)
    Timer4_Init                              0x08008c51   Thumb Code    88  usmart.o(.text)
    usmart_init                              0x08008ca9   Thumb Code    36  usmart.o(.text)
    usmart_cmd_rec                           0x08008ccd   Thumb Code   144  usmart.o(.text)
    usmart_exe                               0x08008d5d   Thumb Code   768  usmart.o(.text)
    usmart_scan                              0x0800905d   Thumb Code    92  usmart.o(.text)
    read_addr                                0x080090b9   Thumb Code     4  usmart.o(.text)
    write_addr                               0x080090bd   Thumb Code     4  usmart.o(.text)
    usmart_strcmp                            0x08009139   Thumb Code    24  usmart_str.o(.text)
    usmart_strcopy                           0x08009151   Thumb Code    18  usmart_str.o(.text)
    usmart_strlen                            0x08009163   Thumb Code    18  usmart_str.o(.text)
    usmart_pow                               0x08009175   Thumb Code    16  usmart_str.o(.text)
    usmart_str2num                           0x08009185   Thumb Code   158  usmart_str.o(.text)
    usmart_get_cmdname                       0x08009223   Thumb Code    46  usmart_str.o(.text)
    usmart_search_nextc                      0x08009251   Thumb Code    16  usmart_str.o(.text)
    usmart_get_fname                         0x08009261   Thumb Code   356  usmart_str.o(.text)
    usmart_get_aparm                         0x080093c5   Thumb Code   156  usmart_str.o(.text)
    usmart_get_parmpos                       0x08009461   Thumb Code    30  usmart_str.o(.text)
    usmart_get_fparam                        0x0800947f   Thumb Code   206  usmart_str.o(.text)
    disk_initialize                          0x08009559   Thumb Code    36  diskio.o(.text)
    disk_status                              0x0800957d   Thumb Code     4  diskio.o(.text)
    disk_read                                0x08009581   Thumb Code    76  diskio.o(.text)
    disk_write                               0x080095cd   Thumb Code    74  diskio.o(.text)
    disk_ioctl                               0x08009617   Thumb Code   106  diskio.o(.text)
    get_fattime                              0x08009681   Thumb Code     4  diskio.o(.text)
    ff_memalloc                              0x08009685   Thumb Code     8  diskio.o(.text)
    ff_memfree                               0x0800968d   Thumb Code     8  diskio.o(.text)
    clust2sect                               0x080097cb   Thumb Code    24  ff.o(.text)
    get_fat                                  0x080097e3   Thumb Code   180  ff.o(.text)
    put_fat                                  0x08009897   Thumb Code   248  ff.o(.text)
    dir_sdi                                  0x08009aaf   Thumb Code   124  ff.o(.text)
    f_mount                                  0x0800a659   Thumb Code    72  ff.o(.text)
    f_open                                   0x0800a6a1   Thumb Code   344  ff.o(.text)
    f_read                                   0x0800a7f9   Thumb Code   328  ff.o(.text)
    f_write                                  0x0800a941   Thumb Code   400  ff.o(.text)
    f_sync                                   0x0800aad1   Thumb Code   152  ff.o(.text)
    f_close                                  0x0800ab69   Thumb Code    28  ff.o(.text)
    f_lseek                                  0x0800ab85   Thumb Code   510  ff.o(.text)
    f_opendir                                0x0800ad83   Thumb Code   128  ff.o(.text)
    f_closedir                               0x0800ae03   Thumb Code    18  ff.o(.text)
    f_readdir                                0x0800ae15   Thumb Code   116  ff.o(.text)
    f_stat                                   0x0800ae89   Thumb Code    86  ff.o(.text)
    f_getfree                                0x0800aedf   Thumb Code   192  ff.o(.text)
    f_truncate                               0x0800af9f   Thumb Code   176  ff.o(.text)
    f_unlink                                 0x0800b04f   Thumb Code   190  ff.o(.text)
    f_mkdir                                  0x0800b10d   Thumb Code   384  ff.o(.text)
    f_chmod                                  0x0800b28d   Thumb Code   106  ff.o(.text)
    f_utime                                  0x0800b2f7   Thumb Code   108  ff.o(.text)
    f_rename                                 0x0800b363   Thumb Code   292  ff.o(.text)
    f_getlabel                               0x0800b487   Thumb Code   142  ff.o(.text)
    f_setlabel                               0x0800b515   Thumb Code   346  ff.o(.text)
    f_mkfs                                   0x0800b66f   Thumb Code  1314  ff.o(.text)
    f_gets                                   0x0800bb91   Thumb Code    68  ff.o(.text)
    f_putc                                   0x0800bc0f   Thumb Code    60  ff.o(.text)
    f_puts                                   0x0800bc4b   Thumb Code    70  ff.o(.text)
    f_printf                                 0x0800bc91   Thumb Code   510  ff.o(.text)
    exfuns_init                              0x0800bf85   Thumb Code    92  exfuns.o(.text)
    char_upper                               0x0800bfe1   Thumb Code    14  exfuns.o(.text)
    f_typetell                               0x0800bfef   Thumb Code   130  exfuns.o(.text)
    exf_getfree                              0x0800c071   Thumb Code    46  exfuns.o(.text)
    ff_convert                               0x0800c0ad   Thumb Code   106  mycc936.o(.text)
    ff_wtoupper                              0x0800c117   Thumb Code    28  mycc936.o(.text)
    fupd_prog                                0x0800c141   Thumb Code   120  fontupd.o(.text)
    updata_fontx                             0x0800c1b9   Thumb Code   232  fontupd.o(.text)
    update_font                              0x0800c2a1   Thumb Code   660  fontupd.o(.text)
    font_init                                0x0800c535   Thumb Code   198  fontupd.o(.text)
    Get_HzMat                                0x0800c5fd   Thumb Code   136  text.o(.text)
    Show_Font                                0x0800c685   Thumb Code   156  text.o(.text)
    Show_Str                                 0x0800c721   Thumb Code   172  text.o(.text)
    Show_Str_Mid                             0x0800c7cd   Thumb Code    82  text.o(.text)
    audio_i2s_dma_callback                   0x0800c831   Thumb Code    48  videoplayer.o(.text)
    video_get_tnum                           0x0800c861   Thumb Code    98  videoplayer.o(.text)
    video_time_show                          0x0800c8c3   Thumb Code   226  videoplayer.o(.text)
    video_info_show                          0x0800c9a5   Thumb Code   130  videoplayer.o(.text)
    video_bmsg_show                          0x0800ca27   Thumb Code   114  videoplayer.o(.text)
    video_seek                               0x0800ca99   Thumb Code   226  videoplayer.o(.text)
    video_play_mjpeg                         0x0800cb7b   Thumb Code   824  videoplayer.o(.text)
    video_play                               0x0800ceb3   Thumb Code   452  videoplayer.o(.text)
    audio_start                              0x0800d131   Thumb Code    10  audioplay.o(.text)
    audio_stop                               0x0800d13b   Thumb Code    10  audioplay.o(.text)
    audio_get_tnum                           0x0800d145   Thumb Code    98  audioplay.o(.text)
    audio_index_show                         0x0800d1a7   Thumb Code    58  audioplay.o(.text)
    audio_msg_show                           0x0800d1e1   Thumb Code   200  audioplay.o(.text)
    audio_play_song                          0x0800d2a9   Thumb Code    34  audioplay.o(.text)
    audio_play                               0x0800d2cb   Thumb Code   520  audioplay.o(.text)
    avi_srarch_id                            0x0800d541   Thumb Code    58  avi.o(.text)
    avi_init                                 0x0800d57b   Thumb Code   548  avi.o(.text)
    avi_get_streaminfo                       0x0800d79f   Thumb Code    50  avi.o(.text)
    mjpeg_malloc                             0x0800d8f1   Thumb Code    32  mjpeg.o(.text)
    mjpegdec_free                            0x0800d9a3   Thumb Code    32  mjpeg.o(.text)
    mjpegdec_init                            0x0800d9c3   Thumb Code    70  mjpeg.o(.text)
    mjpegdec_decode                          0x0800da09   Thumb Code   232  mjpeg.o(.text)
    jpeg_abort                               0x0800db45   Thumb Code    50  jcomapi.o(.text)
    jpeg_destroy                             0x0800db77   Thumb Code    22  jcomapi.o(.text)
    jpeg_alloc_quant_table                   0x0800db8d   Thumb Code    20  jcomapi.o(.text)
    jpeg_alloc_huff_table                    0x0800dba1   Thumb Code    22  jcomapi.o(.text)
    jdiv_round_up                            0x0800dbb7   Thumb Code    10  jutils.o(.text)
    jround_up                                0x0800dbc1   Thumb Code    16  jutils.o(.text)
    jcopy_sample_rows                        0x0800dbd1   Thumb Code    38  jutils.o(.text)
    jcopy_block_row                          0x0800dbf7   Thumb Code    12  jutils.o(.text)
    jpeg_std_error                           0x0800dcf9   Thumb Code    46  jerror.o(.text)
    jinit_memory_mgr                         0x0800e50d   Thumb Code   196  jmemmgr.o(.text)
    jpeg_CreateDecompress                    0x0800e621   Thumb Code   160  jdapimin.o(.text)
    jpeg_destroy_decompress                  0x0800e6c1   Thumb Code     4  jdapimin.o(.text)
    jpeg_abort_decompress                    0x0800e6c5   Thumb Code     4  jdapimin.o(.text)
    jpeg_consume_input                       0x0800e81f   Thumb Code   122  jdapimin.o(.text)
    jpeg_read_header                         0x0800e899   Thumb Code    80  jdapimin.o(.text)
    jpeg_input_complete                      0x0800e8e9   Thumb Code    40  jdapimin.o(.text)
    jpeg_has_multiple_scans                  0x0800e911   Thumb Code    40  jdapimin.o(.text)
    jpeg_finish_decompress                   0x0800e939   Thumb Code   126  jdapimin.o(.text)
    jpeg_start_decompress                    0x0800ea4f   Thumb Code   150  jdapistd.o(.text)
    jpeg_read_scanlines                      0x0800eae5   Thumb Code    94  jdapistd.o(.text)
    jpeg_read_raw_data                       0x0800eb43   Thumb Code   140  jdapistd.o(.text)
    jpeg_start_output                        0x0800ebcf   Thumb Code    68  jdapistd.o(.text)
    jpeg_finish_output                       0x0800ec13   Thumb Code    98  jdapistd.o(.text)
    jinit_arith_decoder                      0x0800f635   Thumb Code   106  jdarith.o(.text)
    jpeg_calc_output_dimensions              0x0800f755   Thumb Code   338  jdmaster.o(.text)
    jpeg_new_colormap                        0x0800fbdd   Thumb Code    86  jdmaster.o(.text)
    jinit_master_decompress                  0x0800fc33   Thumb Code    40  jdmaster.o(.text)
    jpeg_core_output_dimensions              0x0800fc65   Thumb Code   656  jdinput.o(.text)
    jinit_input_controller                   0x0801042f   Thumb Code    48  jdinput.o(.text)
    jpeg_resync_to_restart                   0x080118d1   Thumb Code   176  jdmarker.o(.text)
    jinit_marker_reader                      0x08011981   Thumb Code    72  jdmarker.o(.text)
    jpeg_save_markers                        0x080119c9   Thumb Code   116  jdmarker.o(.text)
    jpeg_set_marker_processor                0x08011a3d   Thumb Code    54  jdmarker.o(.text)
    jinit_huff_decoder                       0x08012ed5   Thumb Code   112  jdhuff.o(.text)
    jinit_d_main_controller                  0x0801321d   Thumb Code   156  jdmainct.o(.text)
    jinit_d_coef_controller                  0x08013bb1   Thumb Code   194  jdcoefct.o(.text)
    jinit_d_post_controller                  0x08013ef9   Thumb Code   106  jdpostct.o(.text)
    jinit_inverse_dct                        0x08014273   Thumb Code    86  jddctmgr.o(.text)
    jpeg_idct_ifast                          0x08014361   Thumb Code   718  jidctfst.o(.text)
    jpeg_idct_float                          0x08014631   Thumb Code   812  jidctflt.o(.text)
    jpeg_idct_islow                          0x08014971   Thumb Code   870  jidctint.o(.text)
    jpeg_idct_7x7                            0x08014cd7   Thumb Code   672  jidctint.o(.text)
    jpeg_idct_6x6                            0x08014f77   Thumb Code   394  jidctint.o(.text)
    jpeg_idct_5x5                            0x08015101   Thumb Code   366  jidctint.o(.text)
    jpeg_idct_4x4                            0x0801526f   Thumb Code   294  jidctint.o(.text)
    jpeg_idct_3x3                            0x08015395   Thumb Code   212  jidctint.o(.text)
    jpeg_idct_2x2                            0x08015469   Thumb Code   106  jidctint.o(.text)
    jpeg_idct_1x1                            0x080154d3   Thumb Code    32  jidctint.o(.text)
    jpeg_idct_9x9                            0x080154f3   Thumb Code   770  jidctint.o(.text)
    jpeg_idct_10x10                          0x080157f5   Thumb Code   834  jidctint.o(.text)
    jpeg_idct_11x11                          0x08015b37   Thumb Code  1218  jidctint.o(.text)
    jpeg_idct_12x12                          0x08015ff9   Thumb Code   994  jidctint.o(.text)
    jpeg_idct_13x13                          0x080163db   Thumb Code  1388  jidctint.o(.text)
    jpeg_idct_14x14                          0x08016947   Thumb Code  1140  jidctint.o(.text)
    jpeg_idct_15x15                          0x08016dbb   Thumb Code  1250  jidctint.o(.text)
    jpeg_idct_16x16                          0x0801729d   Thumb Code  1512  jidctint.o(.text)
    jpeg_idct_16x8                           0x08017885   Thumb Code  1274  jidctint.o(.text)
    jpeg_idct_14x7                           0x08017d7f   Thumb Code   906  jidctint.o(.text)
    jpeg_idct_12x6                           0x08018109   Thumb Code   712  jidctint.o(.text)
    jpeg_idct_10x5                           0x080183d1   Thumb Code   578  jidctint.o(.text)
    jpeg_idct_8x4                            0x08018613   Thumb Code   490  jidctint.o(.text)
    jpeg_idct_6x3                            0x080187fd   Thumb Code   294  jidctint.o(.text)
    jpeg_idct_4x2                            0x08018923   Thumb Code   188  jidctint.o(.text)
    jpeg_idct_2x1                            0x080189df   Thumb Code    52  jidctint.o(.text)
    jpeg_idct_8x16                           0x08018a13   Thumb Code  1158  jidctint.o(.text)
    jpeg_idct_7x14                           0x08018e99   Thumb Code   940  jidctint.o(.text)
    jpeg_idct_6x12                           0x08019245   Thumb Code   722  jidctint.o(.text)
    jpeg_idct_5x10                           0x08019517   Thumb Code   608  jidctint.o(.text)
    jpeg_idct_4x8                            0x08019777   Thumb Code   604  jidctint.o(.text)
    jpeg_idct_3x6                            0x080199d3   Thumb Code   298  jidctint.o(.text)
    jpeg_idct_2x4                            0x08019afd   Thumb Code   216  jidctint.o(.text)
    jpeg_idct_1x2                            0x08019bd5   Thumb Code    52  jidctint.o(.text)
    jinit_upsampler                          0x08019dcd   Thumb Code   276  jdsample.o(.text)
    jinit_color_deconverter                  0x0801a309   Thumb Code   504  jdcolor.o(.text)
    jinit_2pass_quantizer                    0x0801aeed   Thumb Code   232  jquant2.o(.text)
    jinit_1pass_quantizer                    0x0801b691   Thumb Code   122  jquant1.o(.text)
    jinit_merged_upsampler                   0x0801bcc7   Thumb Code    74  jdmerge.o(.text)
    jpeg_get_small                           0x0801bdc1   Thumb Code     6  jmemnobs.o(.text)
    jpeg_free_small                          0x0801bdc7   Thumb Code     2  jmemnobs.o(.text)
    jpeg_get_large                           0x0801bdc9   Thumb Code     6  jmemnobs.o(.text)
    jpeg_free_large                          0x0801bdcf   Thumb Code     2  jmemnobs.o(.text)
    jpeg_mem_available                       0x0801bdd1   Thumb Code     4  jmemnobs.o(.text)
    jpeg_open_backing_store                  0x0801bdd5   Thumb Code    12  jmemnobs.o(.text)
    jpeg_mem_init                            0x0801bde1   Thumb Code     4  jmemnobs.o(.text)
    jpeg_mem_term                            0x0801bde5   Thumb Code     2  jmemnobs.o(.text)
    vListInitialise                          0x0801bde7   Thumb Code    22  list.o(.text)
    vListInitialiseItem                      0x0801bdfd   Thumb Code     6  list.o(.text)
    vListInsertEnd                           0x0801be03   Thumb Code    24  list.o(.text)
    vListInsert                              0x0801be1b   Thumb Code    48  list.o(.text)
    uxListRemove                             0x0801be4b   Thumb Code    36  list.o(.text)
    xQueueGenericReset                       0x0801be71   Thumb Code   128  queue.o(.text)
    xQueueGenericCreate                      0x0801bef1   Thumb Code    82  queue.o(.text)
    xQueueGenericSend                        0x0801c091   Thumb Code   350  queue.o(.text)
    xQueueCreateMutex                        0x0801c1ef   Thumb Code    36  queue.o(.text)
    xQueueGiveMutexRecursive                 0x0801c213   Thumb Code    98  queue.o(.text)
    xQueueGenericReceive                     0x0801c29b   Thumb Code   356  queue.o(.text)
    xQueueTakeMutexRecursive                 0x0801c3ff   Thumb Code    68  queue.o(.text)
    xQueueCreateCountingSemaphore            0x0801c443   Thumb Code    62  queue.o(.text)
    xQueueGenericSendFromISR                 0x0801c481   Thumb Code   200  queue.o(.text)
    xQueueGiveFromISR                        0x0801c549   Thumb Code   172  queue.o(.text)
    xQueueReceiveFromISR                     0x0801c5f5   Thumb Code   150  queue.o(.text)
    xQueuePeekFromISR                        0x0801c68b   Thumb Code   114  queue.o(.text)
    uxQueueMessagesWaiting                   0x0801c6fd   Thumb Code    36  queue.o(.text)
    uxQueueSpacesAvailable                   0x0801c721   Thumb Code    40  queue.o(.text)
    uxQueueMessagesWaitingFromISR            0x0801c749   Thumb Code    26  queue.o(.text)
    vQueueUnregisterQueue                    0x0801c763   Thumb Code    36  queue.o(.text)
    vQueueDelete                             0x0801c787   Thumb Code    38  queue.o(.text)
    uxQueueGetQueueNumber                    0x0801c7ad   Thumb Code     4  queue.o(.text)
    vQueueSetQueueNumber                     0x0801c7b1   Thumb Code     4  queue.o(.text)
    ucQueueGetQueueType                      0x0801c7b5   Thumb Code     6  queue.o(.text)
    xQueueIsQueueEmptyFromISR                0x0801c7bb   Thumb Code    34  queue.o(.text)
    xQueueIsQueueFullFromISR                 0x0801c7dd   Thumb Code    38  queue.o(.text)
    vQueueAddToRegistry                      0x0801c803   Thumb Code    32  queue.o(.text)
    pcQueueGetName                           0x0801c823   Thumb Code    34  queue.o(.text)
    vQueueWaitForMessageRestricted           0x0801c845   Thumb Code    68  queue.o(.text)
    xQueueCreateSet                          0x0801c889   Thumb Code     8  queue.o(.text)
    xQueueAddToSet                           0x0801c891   Thumb Code    34  queue.o(.text)
    xQueueRemoveFromSet                      0x0801c8b3   Thumb Code    34  queue.o(.text)
    xQueueSelectFromSet                      0x0801c8d5   Thumb Code    18  queue.o(.text)
    xQueueSelectFromSetFromISR               0x0801c8e7   Thumb Code    18  queue.o(.text)
    xTaskCreate                              0x0801c9dd   Thumb Code    86  tasks.o(.text)
    vTaskDelete                              0x0801ca33   Thumb Code   154  tasks.o(.text)
    xTaskIncrementTick                       0x0801cacd   Thumb Code   186  tasks.o(.text)
    xTaskResumeAll                           0x0801cb87   Thumb Code   182  tasks.o(.text)
    vTaskSuspendAll                          0x0801cca3   Thumb Code    10  tasks.o(.text)
    vTaskDelayUntil                          0x0801ccad   Thumb Code   180  tasks.o(.text)
    vTaskDelay                               0x0801cd61   Thumb Code    66  tasks.o(.text)
    eTaskGetState                            0x0801cda3   Thumb Code    94  tasks.o(.text)
    uxTaskPriorityGet                        0x0801ce01   Thumb Code    24  tasks.o(.text)
    uxTaskPriorityGetFromISR                 0x0801ce19   Thumb Code    40  tasks.o(.text)
    vTaskPrioritySet                         0x0801ce41   Thumb Code   184  tasks.o(.text)
    vTaskSwitchContext                       0x0801cef9   Thumb Code    84  tasks.o(.text)
    vTaskSuspend                             0x0801cf4d   Thumb Code   156  tasks.o(.text)
    vTaskResume                              0x0801d019   Thumb Code   116  tasks.o(.text)
    xTaskResumeFromISR                       0x0801d08d   Thumb Code   126  tasks.o(.text)
    vTaskStartScheduler                      0x0801d129   Thumb Code   130  tasks.o(.text)
    vTaskEndScheduler                        0x0801d1ab   Thumb Code    24  tasks.o(.text)
    xTaskGetTickCount                        0x0801d1c3   Thumb Code     6  tasks.o(.text)
    xTaskGetTickCountFromISR                 0x0801d1c9   Thumb Code    12  tasks.o(.text)
    uxTaskGetNumberOfTasks                   0x0801d1d5   Thumb Code     6  tasks.o(.text)
    pcTaskGetName                            0x0801d1db   Thumb Code    38  tasks.o(.text)
    vTaskGetInfo                             0x0801d201   Thumb Code   126  tasks.o(.text)
    uxTaskGetSystemState                     0x0801d2d3   Thumb Code   156  tasks.o(.text)
    vTaskPlaceOnEventList                    0x0801d36f   Thumb Code    46  tasks.o(.text)
    vTaskPlaceOnUnorderedEventList           0x0801d39d   Thumb Code    78  tasks.o(.text)
    vTaskPlaceOnEventListRestricted          0x0801d3eb   Thumb Code    54  tasks.o(.text)
    xTaskRemoveFromEventList                 0x0801d421   Thumb Code   106  tasks.o(.text)
    xTaskRemoveFromUnorderedEventList        0x0801d48b   Thumb Code   116  tasks.o(.text)
    vTaskSetTimeOutState                     0x0801d4ff   Thumb Code    34  tasks.o(.text)
    xTaskCheckForTimeOut                     0x0801d521   Thumb Code   114  tasks.o(.text)
    vTaskMissedYield                         0x0801d593   Thumb Code     8  tasks.o(.text)
    uxTaskGetTaskNumber                      0x0801d59b   Thumb Code     8  tasks.o(.text)
    vTaskSetTaskNumber                       0x0801d5a3   Thumb Code     8  tasks.o(.text)
    xTaskGetCurrentTaskHandle                0x0801d5ab   Thumb Code     6  tasks.o(.text)
    xTaskGetSchedulerState                   0x0801d5b1   Thumb Code    22  tasks.o(.text)
    vTaskPriorityInherit                     0x0801d5c7   Thumb Code   124  tasks.o(.text)
    xTaskPriorityDisinherit                  0x0801d643   Thumb Code   144  tasks.o(.text)
    vTaskList                                0x0801d6d3   Thumb Code   188  tasks.o(.text)
    uxTaskResetEventItemValue                0x0801d78f   Thumb Code    20  tasks.o(.text)
    pvTaskIncrementMutexHeldCount            0x0801d7a3   Thumb Code    18  tasks.o(.text)
    ulTaskNotifyTake                         0x0801d7b5   Thumb Code    96  tasks.o(.text)
    xTaskNotifyWait                          0x0801d815   Thumb Code   128  tasks.o(.text)
    xTaskGenericNotify                       0x0801d895   Thumb Code   190  tasks.o(.text)
    xTaskGenericNotifyFromISR                0x0801d953   Thumb Code   256  tasks.o(.text)
    vTaskNotifyGiveFromISR                   0x0801da53   Thumb Code   168  tasks.o(.text)
    xTaskNotifyStateClear                    0x0801dafb   Thumb Code    44  tasks.o(.text)
    xTimerGenericCommand                     0x0801dc9d   Thumb Code    98  timers.o(.text)
    xTimerCreateTimerTask                    0x0801de23   Thumb Code    58  timers.o(.text)
    xTimerCreate                             0x0801de5d   Thumb Code    72  timers.o(.text)
    xTimerGetTimerDaemonTaskHandle           0x0801dea5   Thumb Code    24  timers.o(.text)
    xTimerGetPeriod                          0x0801debd   Thumb Code    22  timers.o(.text)
    xTimerGetExpiryTime                      0x0801ded3   Thumb Code    22  timers.o(.text)
    pcTimerGetName                           0x0801dee9   Thumb Code    22  timers.o(.text)
    xTimerIsTimerActive                      0x0801deff   Thumb Code    40  timers.o(.text)
    pvTimerGetTimerID                        0x0801df27   Thumb Code    32  timers.o(.text)
    vTimerSetTimerID                         0x0801df47   Thumb Code    34  timers.o(.text)
    xTimerPendFunctionCallFromISR            0x0801df69   Thumb Code    34  timers.o(.text)
    xTimerPendFunctionCall                   0x0801df8b   Thumb Code    60  timers.o(.text)
    pvPortMalloc                             0x0801e1c9   Thumb Code   214  heap_4.o(.text)
    vPortFree                                0x0801e29f   Thumb Code    96  heap_4.o(.text)
    xPortGetFreeHeapSize                     0x0801e2ff   Thumb Code     8  heap_4.o(.text)
    xPortGetMinimumEverFreeHeapSize          0x0801e307   Thumb Code     8  heap_4.o(.text)
    vPortInitialiseBlocks                    0x0801e30f   Thumb Code     2  heap_4.o(.text)
    pxPortInitialiseStack                    0x0801e3b9   Thumb Code    40  port.o(.text)
    vPortSetupTimerInterrupt                 0x0801e3e1   Thumb Code    26  port.o(.text)
    xPortStartScheduler                      0x0801e3fb   Thumb Code   196  port.o(.text)
    vPortEndScheduler                        0x0801e4bf   Thumb Code    24  port.o(.text)
    vPortEnterCritical                       0x0801e4d7   Thumb Code    52  port.o(.text)
    vPortExitCritical                        0x0801e50b   Thumb Code    34  port.o(.text)
    xPortSysTickHandler                      0x0801e52d   Thumb Code    40  port.o(.text)
    vPortValidateInterruptPriority           0x0801e555   Thumb Code    72  port.o(.text)
    wav_decode_init                          0x0801e5f5   Thumb Code   258  wavplay.o(.text)
    wav_buffill                              0x0801e6f7   Thumb Code   116  wavplay.o(.text)
    wav_i2s_dma_tx_callback                  0x0801e76b   Thumb Code    70  wavplay.o(.text)
    wav_get_curtime                          0x0801e7b1   Thumb Code    50  wavplay.o(.text)
    wav_play_song                            0x0801e7e3   Thumb Code   422  wavplay.o(.text)
    __use_no_semihosting                     0x0801ea61   Thumb Code     2  use_no_semi_2.o(.text)
    __aeabi_ldivmod                          0x0801ea63   Thumb Code     0  llsdiv.o(.text)
    _ll_sdiv                                 0x0801ea63   Thumb Code    72  llsdiv.o(.text)
    __2printf                                0x0801eaad   Thumb Code    20  noretval__2printf.o(.text)
    __2sprintf                               0x0801eac5   Thumb Code    34  noretval__2sprintf.o(.text)
    _printf_pre_padding                      0x0801eaed   Thumb Code    44  _printf_pad.o(.text)
    _printf_post_padding                     0x0801eb19   Thumb Code    34  _printf_pad.o(.text)
    _printf_truncate_signed                  0x0801eb3b   Thumb Code    18  _printf_truncate.o(.text)
    _printf_truncate_unsigned                0x0801eb4d   Thumb Code    18  _printf_truncate.o(.text)
    _printf_str                              0x0801eb5f   Thumb Code    82  _printf_str.o(.text)
    _printf_int_dec                          0x0801ebb1   Thumb Code   104  _printf_dec.o(.text)
    _printf_charcount                        0x0801ec29   Thumb Code    40  _printf_charcount.o(.text)
    _printf_wctomb                           0x0801ec51   Thumb Code   182  _printf_wctomb.o(.text)
    _printf_int_oct                          0x0801ed0d   Thumb Code    74  _printf_oct_int.o(.text)
    _printf_longlong_oct                     0x0801ed0d   Thumb Code     0  _printf_oct_int.o(.text)
    _printf_longlong_hex                     0x0801ed61   Thumb Code    78  _printf_hex_int_ptr.o(.text)
    _printf_int_hex                          0x0801edaf   Thumb Code    26  _printf_hex_int_ptr.o(.text)
    _printf_hex_ptr                          0x0801edc9   Thumb Code    16  _printf_hex_int_ptr.o(.text)
    __printf                                 0x0801eddd   Thumb Code   388  __printf_flags_ss_wp.o(.text)
    __0sscanf                                0x0801ef65   Thumb Code    52  __0sscanf.o(.text)
    _scanf_int                               0x0801efa1   Thumb Code   332  _scanf_int.o(.text)
    _scanf_string                            0x0801f0ed   Thumb Code   224  _scanf_str.o(.text)
    strcpy                                   0x0801f1cd   Thumb Code    72  strcpy.o(.text)
    strlen                                   0x0801f215   Thumb Code    62  strlen.o(.text)
    strcat                                   0x0801f253   Thumb Code    24  strcat.o(.text)
    __aeabi_memcpy                           0x0801f26b   Thumb Code     0  rt_memcpy_v6.o(.text)
    __rt_memcpy                              0x0801f26b   Thumb Code   138  rt_memcpy_v6.o(.text)
    _memcpy_lastbytes                        0x0801f2d1   Thumb Code     0  rt_memcpy_v6.o(.text)
    __aeabi_memcpy4                          0x0801f2f5   Thumb Code     0  rt_memcpy_w.o(.text)
    __aeabi_memcpy8                          0x0801f2f5   Thumb Code     0  rt_memcpy_w.o(.text)
    __rt_memcpy_w                            0x0801f2f5   Thumb Code   100  rt_memcpy_w.o(.text)
    _memcpy_lastbytes_aligned                0x0801f33d   Thumb Code     0  rt_memcpy_w.o(.text)
    __aeabi_memset                           0x0801f359   Thumb Code    16  aeabi_memset.o(.text)
    __aeabi_memclr                           0x0801f369   Thumb Code     0  rt_memclr.o(.text)
    __rt_memclr                              0x0801f369   Thumb Code    68  rt_memclr.o(.text)
    _memset                                  0x0801f36d   Thumb Code     0  rt_memclr.o(.text)
    __aeabi_memclr4                          0x0801f3ad   Thumb Code     0  rt_memclr_w.o(.text)
    __aeabi_memclr8                          0x0801f3ad   Thumb Code     0  rt_memclr_w.o(.text)
    __rt_memclr_w                            0x0801f3ad   Thumb Code    78  rt_memclr_w.o(.text)
    _memset_w                                0x0801f3b1   Thumb Code     0  rt_memclr_w.o(.text)
    strncpy                                  0x0801f3fb   Thumb Code    86  strncpy.o(.text)
    strcmp                                   0x0801f451   Thumb Code   128  strcmpv7m.o(.text)
    __use_two_region_memory                  0x0801f4d1   Thumb Code     2  heapauxi.o(.text)
    __rt_heap_escrow$2region                 0x0801f4d3   Thumb Code     2  heapauxi.o(.text)
    __rt_heap_expand$2region                 0x0801f4d5   Thumb Code     2  heapauxi.o(.text)
    setjmp                                   0x0801f4d7   Thumb Code    42  setjmp.o(.text)
    longjmp                                  0x0801f501   Thumb Code    56  setjmp.o(.text)
    __I$use$semihosting                      0x0801f539   Thumb Code     0  use_no_semi.o(.text)
    __use_no_semihosting_swi                 0x0801f539   Thumb Code     2  use_no_semi.o(.text)
    __aeabi_uldivmod                         0x0801f53b   Thumb Code     0  lludivv7m.o(.text)
    _ll_udiv                                 0x0801f53b   Thumb Code   238  lludivv7m.o(.text)
    _printf_int_common                       0x0801f629   Thumb Code   178  _printf_intcommon.o(.text)
    _printf_char_common                      0x0801f6e7   Thumb Code    32  _printf_char_common.o(.text)
    _sputc                                   0x0801f70d   Thumb Code    10  _sputc.o(.text)
    _printf_cs_common                        0x0801f717   Thumb Code    20  _printf_char.o(.text)
    _printf_char                             0x0801f72b   Thumb Code    16  _printf_char.o(.text)
    _printf_string                           0x0801f73b   Thumb Code     8  _printf_char.o(.text)
    _printf_char_file                        0x0801f745   Thumb Code    32  _printf_char_file.o(.text)
    _printf_lcs_common                       0x0801f769   Thumb Code    20  _printf_wchar.o(.text)
    _printf_wchar                            0x0801f77d   Thumb Code    16  _printf_wchar.o(.text)
    _printf_wstring                          0x0801f78d   Thumb Code     8  _printf_wchar.o(.text)
    _chval                                   0x0801f795   Thumb Code    28  _chval.o(.text)
    __vfscanf_char                           0x0801f7bd   Thumb Code    24  scanf_char.o(.text)
    _sgetc                                   0x0801f7dd   Thumb Code    30  _sgetc.o(.text)
    _sbackspace                              0x0801f7fb   Thumb Code    34  _sgetc.o(.text)
    _wcrtomb                                 0x0801f81d   Thumb Code    64  _wcrtomb.o(.text)
    __rt_ctype_table                         0x0801f85d   Thumb Code    16  rt_ctype_table.o(.text)
    isspace                                  0x0801f86d   Thumb Code    18  isspace.o(.text)
    __vfscanf                                0x0801f881   Thumb Code   878  _scanf.o(.text)
    ferror                                   0x0801fbf5   Thumb Code     8  ferror.o(.text)
    __user_setup_stackheap                   0x0801fbfd   Thumb Code    74  sys_stackheap_outer.o(.text)
    __rt_locale                              0x0801fc49   Thumb Code     8  rt_locale_intlibspace.o(.text)
    exit                                     0x0801fc51   Thumb Code    18  exit.o(.text)
    __user_libspace                          0x0801fc65   Thumb Code     8  libspace.o(.text)
    __user_perproc_libspace                  0x0801fc65   Thumb Code     0  libspace.o(.text)
    __user_perthread_libspace                0x0801fc65   Thumb Code     0  libspace.o(.text)
    _is_digit                                0x0801fc6d   Thumb Code    14  __printf_wp.o(i._is_digit)
    _get_lc_ctype                            0x0801fc7d   Thumb Code    44  lc_ctype_c.o(locale$$code)
    __aeabi_d2f                              0x0801fca9   Thumb Code     0  d2f.o(x$fpl$d2f)
    _d2f                                     0x0801fca9   Thumb Code    98  d2f.o(x$fpl$d2f)
    __aeabi_ddiv                             0x0801fd0d   Thumb Code     0  ddiv.o(x$fpl$ddiv)
    _ddiv                                    0x0801fd0d   Thumb Code   552  ddiv.o(x$fpl$ddiv)
    __aeabi_d2uiz                            0x0801ffbd   Thumb Code     0  dfixu.o(x$fpl$dfixu)
    _dfixu                                   0x0801ffbd   Thumb Code    90  dfixu.o(x$fpl$dfixu)
    __aeabi_ui2d                             0x08020017   Thumb Code     0  dflt_clz.o(x$fpl$dfltu)
    _dfltu                                   0x08020017   Thumb Code    38  dflt_clz.o(x$fpl$dfltu)
    __aeabi_dmul                             0x0802003d   Thumb Code     0  dmul.o(x$fpl$dmul)
    _dmul                                    0x0802003d   Thumb Code   332  dmul.o(x$fpl$dmul)
    __fpl_dnaninf                            0x08020191   Thumb Code   156  dnaninf.o(x$fpl$dnaninf)
    __fpl_dretinf                            0x0802022d   Thumb Code    12  dretinf.o(x$fpl$dretinf)
    _fp_init                                 0x08020239   Thumb Code    10  fpinit.o(x$fpl$fpinit)
    __fplib_config_fpu_vfp                   0x08020241   Thumb Code     0  fpinit.o(x$fpl$fpinit)
    __fplib_config_pureend_doubles           0x08020241   Thumb Code     0  fpinit.o(x$fpl$fpinit)
    __fpl_fretinf                            0x08020243   Thumb Code    10  fretinf.o(x$fpl$fretinf)
    __I$use$fp                               0x0802024c   Number         0  usenofp.o(x$fpl$usenofp)
    asc2_1206                                0x0802024c   Data        1140  lcd.o(.constdata)
    asc2_1608                                0x080206c0   Data        1520  lcd.o(.constdata)
    asc2_2412                                0x08020cb0   Data        3420  lcd.o(.constdata)
    I2S_PSC_TBL                              0x08021a0c   Data         110  i2s.o(.constdata)
    FSMC_DefaultTimingStruct                 0x08021a7c   Data          28  stm32f4xx_fsmc.o(.constdata)
    memtblsize                               0x08021a98   Data          12  malloc.o(.constdata)
    memblksize                               0x08021aa4   Data          12  malloc.o(.constdata)
    memsize                                  0x08021ab0   Data          12  malloc.o(.constdata)
    FILE_TYPE_TBL                            0x08021af8   Data         112  exfuns.o(.constdata)
    GBK24_PATH                               0x08021f28   Data           4  fontupd.o(.constdata)
    GBK16_PATH                               0x08021f2c   Data           4  fontupd.o(.constdata)
    GBK12_PATH                               0x08021f30   Data           4  fontupd.o(.constdata)
    UNIGBK_PATH                              0x08021f34   Data           4  fontupd.o(.constdata)
    AVI_VIDS_FLAG_TBL                        0x08021f38   Data           8  avi.o(.constdata)
    AVI_AUDS_FLAG_TBL                        0x08021f40   Data           8  avi.o(.constdata)
    jpeg_aritab                              0x08021f48   Data         456  jaricom.o(.constdata)
    jpeg_natural_order                       0x08022110   Data         320  jutils.o(.constdata)
    jpeg_natural_order7                      0x08022250   Data         260  jutils.o(.constdata)
    jpeg_natural_order6                      0x08022354   Data         208  jutils.o(.constdata)
    jpeg_natural_order5                      0x08022424   Data         164  jutils.o(.constdata)
    jpeg_natural_order4                      0x080224c8   Data         128  jutils.o(.constdata)
    jpeg_natural_order3                      0x08022548   Data         100  jutils.o(.constdata)
    jpeg_natural_order2                      0x080225ac   Data          80  jutils.o(.constdata)
    jpeg_std_message_table                   0x080225fc   Data         512  jerror.o(.constdata)
    Region$$Table$$Base                      0x08024380   Number         0  anon$$obj.o(Region$$Table)
    Region$$Table$$Limit                     0x080243a0   Number         0  anon$$obj.o(Region$$Table)
    __ctype                                  0x080243ad   Data           0  lc_ctype_c.o(locale$$data)
    mem3base                                 0x10000000   Data       61440  malloc.o(.ARM.__AT_0x10000000)
    mem3mapbase                              0x1000f000   Data        3840  malloc.o(.ARM.__AT_0x1000F000)
    SystemCoreClock                          0x20000000   Data           4  system_stm32f4xx.o(.data)
    AHBPrescTable                            0x20000004   Data          16  system_stm32f4xx.o(.data)
    keyVal                                   0x20000014   Data           1  lvgl_demo.o(.data)
    StartTask_Handler                        0x20000018   Data           4  lvgl_demo.o(.data)
    LEDTask_Handler                          0x2000001c   Data           4  lvgl_demo.o(.data)
    VIDEOTask_Handler                        0x20000020   Data           4  lvgl_demo.o(.data)
    AUDIOTask_Handler                        0x20000024   Data           4  lvgl_demo.o(.data)
    POINT_COLOR                              0x20000028   Data           2  lcd.o(.data)
    BACK_COLOR                               0x2000002a   Data           2  lcd.o(.data)
    W25QXX_TYPE                              0x2000002e   Data           2  w25qxx.o(.data)
    TransferError                            0x20000033   Data           1  sdio_sdcard.o(.data)
    TransferEnd                              0x20000034   Data           1  sdio_sdcard.o(.data)
    tempbuff                                 0x2000003c   Data           4  sdio_sdcard.o(.data)
    i2s_tx_callback                          0x20000040   Data           4  i2s.o(.data)
    i2s_rx_callback                          0x20000044   Data           4  i2s.o(.data)
    frameup                                  0x200000bc   Data           1  timer.o(.data)
    frame                                    0x200000be   Data           2  timer.o(.data)
    USART_RX_STA                             0x200000c4   Data           2  usart.o(.data)
    __stdout                                 0x200000c8   Data           4  usart.o(.data)
    mallco_dev                               0x200000dc   Data          36  malloc.o(.data)
    sys_cmd_tab                              0x20000100   Data          28  usmart.o(.data)
    usmart_nametab                           0x2000011c   Data         120  usmart_config.o(.data)
    usmart_dev                               0x20000194   Data         244  usmart_config.o(.data)
    FLASH_SECTOR_COUNT                       0x20000288   Data           2  diskio.o(.data)
    file                                     0x2000028c   Data           4  exfuns.o(.data)
    ftemp                                    0x20000290   Data           4  exfuns.o(.data)
    fatbuf                                   0x20000294   Data           4  exfuns.o(.data)
    i2splaybuf                               0x20000298   Data           1  videoplayer.o(.data)
    imgoffx                                  0x200002a4   Data           2  mjpeg.o(.data)
    imgoffy                                  0x200002a6   Data           2  mjpeg.o(.data)
    cinfo                                    0x200002a8   Data           4  mjpeg.o(.data)
    jerr                                     0x200002ac   Data           4  mjpeg.o(.data)
    jpegbuf                                  0x200002b0   Data           4  mjpeg.o(.data)
    jbufsize                                 0x200002b4   Data           4  mjpeg.o(.data)
    jmembuf                                  0x200002b8   Data           4  mjpeg.o(.data)
    jmempos                                  0x200002bc   Data           4  mjpeg.o(.data)
    pxCurrentTCB                             0x200002c0   Data           4  tasks.o(.data)
    wavtransferend                           0x20000334   Data           1  wavplay.o(.data)
    wavwitchbuf                              0x20000335   Data           1  wavplay.o(.data)
    lcddev                                   0x20000338   Data          14  lcd.o(.bss)
    W25QXX_BUFFER                            0x20000346   Data        4096  w25qxx.o(.bss)
    SDIO_InitStructure                       0x20001348   Data          24  sdio_sdcard.o(.bss)
    SDIO_CmdInitStructure                    0x20001360   Data          20  sdio_sdcard.o(.bss)
    SDIO_DataInitStructure                   0x20001374   Data          24  sdio_sdcard.o(.bss)
    SDCardInfo                               0x200013b0   Data          88  sdio_sdcard.o(.bss)
    SDIO_DATA_BUFFER                         0x20001408   Data         512  sdio_sdcard.o(.bss)
    USART_RX_BUF                             0x20001608   Data         200  usart.o(.bss)
    mem1base                                 0x200016e0   Data       102400  malloc.o(.bss)
    mem1mapbase                              0x2001a6e0   Data        6400  malloc.o(.bss)
    fs                                       0x2001bfec   Data          12  exfuns.o(.bss)
    ftinfo                                   0x2001bff8   Data          33  fontupd.o(.bss)
    i2sbuf                                   0x2001c01c   Data          16  videoplayer.o(.bss)
    audiodev                                 0x2001c02c   Data          17  audioplay.o(.bss)
    avix                                     0x2001c03d   Data          40  avi.o(.bss)
    xQueueRegistry                           0x2001c068   Data          64  queue.o(.bss)
    wavctrl                                  0x2001ebb4   Data          32  wavplay.o(.bss)
    __libspace_start                         0x2001ebd4   Data          96  libspace.o(.bss)
    __temporary_stack_top$libspace           0x2001ec34   Data           0  libspace.o(.bss)
    mem2base                                 0x68000000   Data       983040  malloc.o(.ARM.__AT_0x68000000)
    mem2mapbase                              0x680f0000   Data       61440  malloc.o(.ARM.__AT_0x680F0000)



==============================================================================

Memory Map of the image

  Image Entry point : 0x08000189

  Load Region LR_IROM1 (Base: 0x08000000, Size: 0x000247e8, Max: 0x00100000, ABSOLUTE, COMPRESSED[0x000245b8])

    Execution Region ER_IROM1 (Base: 0x08000000, Size: 0x000244b0, Max: 0x00100000, ABSOLUTE)

    Base Addr    Size         Type   Attr      Idx    E Section Name        Object

    0x08000000   0x00000188   Data   RO          714    RESET               startup_stm32f40_41xxx.o
    0x08000188   0x00000008   Code   RO         2167  * !!!main             c_w.l(__main.o)
    0x08000190   0x00000034   Code   RO         2405    !!!scatter          c_w.l(__scatter.o)
    0x080001c4   0x0000005a   Code   RO         2403    !!dczerorl2         c_w.l(__dczerorl2.o)
    0x0800021e   0x00000002   PAD
    0x08000220   0x0000001c   Code   RO         2407    !!handler_zi        c_w.l(__scatter_zi.o)
    0x0800023c   0x00000000   Code   RO         2135    .ARM.Collect$$_printf_percent$$00000000  c_w.l(_printf_percent.o)
    0x0800023c   0x00000006   Code   RO         2128    .ARM.Collect$$_printf_percent$$00000001  c_w.l(_printf_n.o)
    0x08000242   0x00000006   Code   RO         2130    .ARM.Collect$$_printf_percent$$00000002  c_w.l(_printf_p.o)
    0x08000248   0x00000006   Code   RO         2132    .ARM.Collect$$_printf_percent$$00000008  c_w.l(_printf_i.o)
    0x0800024e   0x00000006   Code   RO         2133    .ARM.Collect$$_printf_percent$$00000009  c_w.l(_printf_d.o)
    0x08000254   0x00000006   Code   RO         2134    .ARM.Collect$$_printf_percent$$0000000A  c_w.l(_printf_u.o)
    0x0800025a   0x00000006   Code   RO         2131    .ARM.Collect$$_printf_percent$$0000000B  c_w.l(_printf_o.o)
    0x08000260   0x00000006   Code   RO         2129    .ARM.Collect$$_printf_percent$$0000000C  c_w.l(_printf_x.o)
    0x08000266   0x0000000a   Code   RO         2207    .ARM.Collect$$_printf_percent$$00000012  c_w.l(_printf_l.o)
    0x08000270   0x00000006   Code   RO         2126    .ARM.Collect$$_printf_percent$$00000013  c_w.l(_printf_c.o)
    0x08000276   0x00000006   Code   RO         2127    .ARM.Collect$$_printf_percent$$00000014  c_w.l(_printf_s.o)
    0x0800027c   0x00000006   Code   RO         2136    .ARM.Collect$$_printf_percent$$00000015  c_w.l(_printf_lc.o)
    0x08000282   0x00000004   Code   RO         2206    .ARM.Collect$$_printf_percent$$00000017  c_w.l(_printf_percent_end.o)
    0x08000286   0x00000002   Code   RO         2273    .ARM.Collect$$libinit$$00000000  c_w.l(libinit.o)
    0x08000288   0x00000004   Code   RO         2283    .ARM.Collect$$libinit$$00000001  c_w.l(libinit2.o)
    0x0800028c   0x00000000   Code   RO         2286    .ARM.Collect$$libinit$$00000004  c_w.l(libinit2.o)
    0x0800028c   0x00000000   Code   RO         2289    .ARM.Collect$$libinit$$0000000A  c_w.l(libinit2.o)
    0x0800028c   0x00000000   Code   RO         2291    .ARM.Collect$$libinit$$0000000C  c_w.l(libinit2.o)
    0x0800028c   0x00000000   Code   RO         2293    .ARM.Collect$$libinit$$0000000E  c_w.l(libinit2.o)
    0x0800028c   0x00000006   Code   RO         2294    .ARM.Collect$$libinit$$0000000F  c_w.l(libinit2.o)
    0x08000292   0x00000000   Code   RO         2296    .ARM.Collect$$libinit$$00000011  c_w.l(libinit2.o)
    0x08000292   0x0000000c   Code   RO         2297    .ARM.Collect$$libinit$$00000012  c_w.l(libinit2.o)
    0x0800029e   0x00000000   Code   RO         2298    .ARM.Collect$$libinit$$00000013  c_w.l(libinit2.o)
    0x0800029e   0x00000000   Code   RO         2300    .ARM.Collect$$libinit$$00000015  c_w.l(libinit2.o)
    0x0800029e   0x00000000   Code   RO         2302    .ARM.Collect$$libinit$$00000017  c_w.l(libinit2.o)
    0x0800029e   0x00000000   Code   RO         2304    .ARM.Collect$$libinit$$00000019  c_w.l(libinit2.o)
    0x0800029e   0x00000000   Code   RO         2306    .ARM.Collect$$libinit$$0000001B  c_w.l(libinit2.o)
    0x0800029e   0x00000000   Code   RO         2308    .ARM.Collect$$libinit$$0000001D  c_w.l(libinit2.o)
    0x0800029e   0x00000000   Code   RO         2310    .ARM.Collect$$libinit$$0000001F  c_w.l(libinit2.o)
    0x0800029e   0x00000000   Code   RO         2312    .ARM.Collect$$libinit$$00000021  c_w.l(libinit2.o)
    0x0800029e   0x00000000   Code   RO         2314    .ARM.Collect$$libinit$$00000023  c_w.l(libinit2.o)
    0x0800029e   0x00000000   Code   RO         2316    .ARM.Collect$$libinit$$00000025  c_w.l(libinit2.o)
    0x0800029e   0x00000000   Code   RO         2320    .ARM.Collect$$libinit$$0000002C  c_w.l(libinit2.o)
    0x0800029e   0x00000000   Code   RO         2322    .ARM.Collect$$libinit$$0000002E  c_w.l(libinit2.o)
    0x0800029e   0x00000000   Code   RO         2324    .ARM.Collect$$libinit$$00000030  c_w.l(libinit2.o)
    0x0800029e   0x00000000   Code   RO         2326    .ARM.Collect$$libinit$$00000032  c_w.l(libinit2.o)
    0x0800029e   0x00000002   Code   RO         2327    .ARM.Collect$$libinit$$00000033  c_w.l(libinit2.o)
    0x080002a0   0x00000002   Code   RO         2355    .ARM.Collect$$libshutdown$$00000000  c_w.l(libshutdown.o)
    0x080002a2   0x00000000   Code   RO         2369    .ARM.Collect$$libshutdown$$00000002  c_w.l(libshutdown2.o)
    0x080002a2   0x00000000   Code   RO         2371    .ARM.Collect$$libshutdown$$00000004  c_w.l(libshutdown2.o)
    0x080002a2   0x00000000   Code   RO         2374    .ARM.Collect$$libshutdown$$00000007  c_w.l(libshutdown2.o)
    0x080002a2   0x00000000   Code   RO         2377    .ARM.Collect$$libshutdown$$0000000A  c_w.l(libshutdown2.o)
    0x080002a2   0x00000000   Code   RO         2379    .ARM.Collect$$libshutdown$$0000000C  c_w.l(libshutdown2.o)
    0x080002a2   0x00000000   Code   RO         2382    .ARM.Collect$$libshutdown$$0000000F  c_w.l(libshutdown2.o)
    0x080002a2   0x00000002   Code   RO         2383    .ARM.Collect$$libshutdown$$00000010  c_w.l(libshutdown2.o)
    0x080002a4   0x00000000   Code   RO         2191    .ARM.Collect$$rtentry$$00000000  c_w.l(__rtentry.o)
    0x080002a4   0x00000000   Code   RO         2224    .ARM.Collect$$rtentry$$00000002  c_w.l(__rtentry2.o)
    0x080002a4   0x00000006   Code   RO         2236    .ARM.Collect$$rtentry$$00000004  c_w.l(__rtentry4.o)
    0x080002aa   0x00000000   Code   RO         2226    .ARM.Collect$$rtentry$$00000009  c_w.l(__rtentry2.o)
    0x080002aa   0x00000004   Code   RO         2227    .ARM.Collect$$rtentry$$0000000A  c_w.l(__rtentry2.o)
    0x080002ae   0x00000000   Code   RO         2229    .ARM.Collect$$rtentry$$0000000C  c_w.l(__rtentry2.o)
    0x080002ae   0x00000008   Code   RO         2230    .ARM.Collect$$rtentry$$0000000D  c_w.l(__rtentry2.o)
    0x080002b6   0x00000002   Code   RO         2277    .ARM.Collect$$rtexit$$00000000  c_w.l(rtexit.o)
    0x080002b8   0x00000000   Code   RO         2329    .ARM.Collect$$rtexit$$00000002  c_w.l(rtexit2.o)
    0x080002b8   0x00000004   Code   RO         2330    .ARM.Collect$$rtexit$$00000003  c_w.l(rtexit2.o)
    0x080002bc   0x00000006   Code   RO         2331    .ARM.Collect$$rtexit$$00000004  c_w.l(rtexit2.o)
    0x080002c2   0x00000002   PAD
    0x080002c4   0x00000010   Code   RO          658    .emb_text           sys.o
    0x080002d4   0x000000b6   Code   RO         1983    .emb_text           port.o
    0x0800038a   0x00000002   PAD
    0x0800038c   0x0000020c   Code   RO            3    .text               main.o
    0x08000598   0x0000000c   Code   RO          219    .text               stm32f4xx_it.o
    0x080005a4   0x0000017c   Code   RO          268    .text               system_stm32f4xx.o
    0x08000720   0x00000130   Code   RO          294    .text               lvgl_demo.o
    0x08000850   0x00000040   Code   RO          351    .text               led.o
    0x08000890   0x00003272   Code   RO          371    .text               lcd.o
    0x08003b02   0x00000002   PAD
    0x08003b04   0x00000104   Code   RO          410    .text               key.o
    0x08003c08   0x0000010c   Code   RO          431    .text               spi.o
    0x08003d14   0x00000364   Code   RO          454    .text               w25qxx.o
    0x08004078   0x0000178c   Code   RO          482    .text               sdio_sdcard.o
    0x08005804   0x00000224   Code   RO          517    .text               myiic.o
    0x08005a28   0x000002e0   Code   RO          563    .text               i2s.o
    0x08005d08   0x00000368   Code   RO          590    .text               wm8978.o
    0x08006070   0x00000114   Code   RO          613    .text               timer.o
    0x08006184   0x000000c8   Code   RO          636    .text               delay.o
    0x0800624c   0x0000011c   Code   RO          676    .text               usart.o
    0x08006368   0x0000003c   Code   RO          715    .text               startup_stm32f40_41xxx.o
    0x080063a4   0x000000b0   Code   RO          721    .text               misc.o
    0x08006454   0x0000020c   Code   RO          741    .text               stm32f4xx_gpio.o
    0x08006660   0x00000448   Code   RO          761    .text               stm32f4xx_fsmc.o
    0x08006aa8   0x00000480   Code   RO          784    .text               stm32f4xx_rcc.o
    0x08006f28   0x00000358   Code   RO          806    .text               stm32f4xx_usart.o
    0x08007280   0x000009dc   Code   RO          826    .text               stm32f4xx_tim.o
    0x08007c5c   0x0000032c   Code   RO          867    .text               stm32f4xx_spi.o
    0x08007f88   0x000001b8   Code   RO          887    .text               stm32f4xx_sdio.o
    0x08008140   0x00000320   Code   RO          907    .text               stm32f4xx_dma.o
    0x08008460   0x000001c4   Code   RO          927    .text               malloc.o
    0x08008624   0x00000b14   Code   RO          961    .text               usmart.o
    0x08009138   0x00000420   Code   RO         1008    .text               usmart_str.o
    0x08009558   0x00000144   Code   RO         1029    .text               diskio.o
    0x0800969c   0x000028e8   Code   RO         1053    .text               ff.o
    0x0800bf84   0x00000128   Code   RO         1078    .text               exfuns.o
    0x0800c0ac   0x00000094   Code   RO         1142    .text               mycc936.o
    0x0800c140   0x000004ba   Code   RO         1163    .text               fontupd.o
    0x0800c5fa   0x00000002   PAD
    0x0800c5fc   0x00000234   Code   RO         1195    .text               text.o
    0x0800c830   0x00000900   Code   RO         1215    .text               videoplayer.o
    0x0800d130   0x00000410   Code   RO         1278    .text               audioplay.o
    0x0800d540   0x000003b0   Code   RO         1310    .text               avi.o
    0x0800d8f0   0x00000254   Code   RO         1350    .text               mjpeg.o
    0x0800db44   0x00000072   Code   RO         1400    .text               jcomapi.o
    0x0800dbb6   0x0000004c   Code   RO         1419    .text               jutils.o
    0x0800dc02   0x00000002   PAD
    0x0800dc04   0x00000140   Code   RO         1447    .text               jerror.o
    0x0800dd44   0x000008dc   Code   RO         1478    .text               jmemmgr.o
    0x0800e620   0x000003a0   Code   RO         1502    .text               jdapimin.o
    0x0800e9c0   0x000002b4   Code   RO         1514    .text               jdapistd.o
    0x0800ec74   0x00000a48   Code   RO         1526    .text               jdarith.o
    0x0800f6bc   0x000005a8   Code   RO         1538    .text               jdmaster.o
    0x0800fc64   0x0000080c   Code   RO         1550    .text               jdinput.o
    0x08010470   0x000017b0   Code   RO         1562    .text               jdmarker.o
    0x08011c20   0x00001370   Code   RO         1574    .text               jdhuff.o
    0x08012f90   0x0000044c   Code   RO         1588    .text               jdmainct.o
    0x080133dc   0x00000944   Code   RO         1600    .text               jdcoefct.o
    0x08013d20   0x00000254   Code   RO         1612    .text               jdpostct.o
    0x08013f74   0x000003ec   Code   RO         1624    .text               jddctmgr.o
    0x08014360   0x000002ce   Code   RO         1640    .text               jidctfst.o
    0x0801462e   0x00000002   PAD
    0x08014630   0x00000340   Code   RO         1652    .text               jidctflt.o
    0x08014970   0x00005298   Code   RO         1664    .text               jidctint.o
    0x08019c08   0x000002f4   Code   RO         1676    .text               jdsample.o
    0x08019efc   0x00000704   Code   RO         1688    .text               jdcolor.o
    0x0801a600   0x00000bf0   Code   RO         1700    .text               jquant2.o
    0x0801b1f0   0x00000748   Code   RO         1712    .text               jquant1.o
    0x0801b938   0x00000488   Code   RO         1728    .text               jdmerge.o
    0x0801bdc0   0x00000026   Code   RO         1748    .text               jmemnobs.o
    0x0801bde6   0x00000088   Code   RO         1850    .text               list.o
    0x0801be6e   0x00000002   PAD
    0x0801be70   0x00000aac   Code   RO         1870    .text               queue.o
    0x0801c91c   0x0000134c   Code   RO         1897    .text               tasks.o
    0x0801dc68   0x00000518   Code   RO         1937    .text               timers.o
    0x0801e180   0x00000214   Code   RO         1960    .text               heap_4.o
    0x0801e394   0x00000260   Code   RO         1984    .text               port.o
    0x0801e5f4   0x0000046c   Code   RO         2022    .text               wavplay.o
    0x0801ea60   0x00000002   Code   RO         2052    .text               c_w.l(use_no_semi_2.o)
    0x0801ea62   0x00000048   Code   RO         2054    .text               c_w.l(llsdiv.o)
    0x0801eaaa   0x00000002   PAD
    0x0801eaac   0x00000018   Code   RO         2060    .text               c_w.l(noretval__2printf.o)
    0x0801eac4   0x00000028   Code   RO         2062    .text               c_w.l(noretval__2sprintf.o)
    0x0801eaec   0x0000004e   Code   RO         2066    .text               c_w.l(_printf_pad.o)
    0x0801eb3a   0x00000024   Code   RO         2068    .text               c_w.l(_printf_truncate.o)
    0x0801eb5e   0x00000052   Code   RO         2070    .text               c_w.l(_printf_str.o)
    0x0801ebb0   0x00000078   Code   RO         2072    .text               c_w.l(_printf_dec.o)
    0x0801ec28   0x00000028   Code   RO         2074    .text               c_w.l(_printf_charcount.o)
    0x0801ec50   0x000000bc   Code   RO         2076    .text               c_w.l(_printf_wctomb.o)
    0x0801ed0c   0x00000054   Code   RO         2081    .text               c_w.l(_printf_oct_int.o)
    0x0801ed60   0x0000007c   Code   RO         2097    .text               c_w.l(_printf_hex_int_ptr.o)
    0x0801eddc   0x00000188   Code   RO         2123    .text               c_w.l(__printf_flags_ss_wp.o)
    0x0801ef64   0x0000003c   Code   RO         2137    .text               c_w.l(__0sscanf.o)
    0x0801efa0   0x0000014c   Code   RO         2139    .text               c_w.l(_scanf_int.o)
    0x0801f0ec   0x000000e0   Code   RO         2141    .text               c_w.l(_scanf_str.o)
    0x0801f1cc   0x00000048   Code   RO         2145    .text               c_w.l(strcpy.o)
    0x0801f214   0x0000003e   Code   RO         2147    .text               c_w.l(strlen.o)
    0x0801f252   0x00000018   Code   RO         2149    .text               c_w.l(strcat.o)
    0x0801f26a   0x0000008a   Code   RO         2151    .text               c_w.l(rt_memcpy_v6.o)
    0x0801f2f4   0x00000064   Code   RO         2153    .text               c_w.l(rt_memcpy_w.o)
    0x0801f358   0x00000010   Code   RO         2155    .text               c_w.l(aeabi_memset.o)
    0x0801f368   0x00000044   Code   RO         2157    .text               c_w.l(rt_memclr.o)
    0x0801f3ac   0x0000004e   Code   RO         2159    .text               c_w.l(rt_memclr_w.o)
    0x0801f3fa   0x00000056   Code   RO         2161    .text               c_w.l(strncpy.o)
    0x0801f450   0x00000080   Code   RO         2163    .text               c_w.l(strcmpv7m.o)
    0x0801f4d0   0x00000006   Code   RO         2165    .text               c_w.l(heapauxi.o)
    0x0801f4d6   0x00000062   Code   RO         2187    .text               fz_wm.l(setjmp.o)
    0x0801f538   0x00000002   Code   RO         2189    .text               c_w.l(use_no_semi.o)
    0x0801f53a   0x000000ee   Code   RO         2192    .text               c_w.l(lludivv7m.o)
    0x0801f628   0x000000b2   Code   RO         2194    .text               c_w.l(_printf_intcommon.o)
    0x0801f6da   0x00000002   PAD
    0x0801f6dc   0x00000030   Code   RO         2196    .text               c_w.l(_printf_char_common.o)
    0x0801f70c   0x0000000a   Code   RO         2198    .text               c_w.l(_sputc.o)
    0x0801f716   0x0000002c   Code   RO         2200    .text               c_w.l(_printf_char.o)
    0x0801f742   0x00000002   PAD
    0x0801f744   0x00000024   Code   RO         2202    .text               c_w.l(_printf_char_file.o)
    0x0801f768   0x0000002c   Code   RO         2204    .text               c_w.l(_printf_wchar.o)
    0x0801f794   0x0000001c   Code   RO         2208    .text               c_w.l(_chval.o)
    0x0801f7b0   0x0000002c   Code   RO         2210    .text               c_w.l(scanf_char.o)
    0x0801f7dc   0x00000040   Code   RO         2212    .text               c_w.l(_sgetc.o)
    0x0801f81c   0x00000040   Code   RO         2214    .text               c_w.l(_wcrtomb.o)
    0x0801f85c   0x00000010   Code   RO         2238    .text               c_w.l(rt_ctype_table.o)
    0x0801f86c   0x00000012   Code   RO         2244    .text               c_w.l(isspace.o)
    0x0801f87e   0x00000002   PAD
    0x0801f880   0x00000374   Code   RO         2248    .text               c_w.l(_scanf.o)
    0x0801fbf4   0x00000008   Code   RO         2250    .text               c_w.l(ferror.o)
    0x0801fbfc   0x0000004a   Code   RO         2254    .text               c_w.l(sys_stackheap_outer.o)
    0x0801fc46   0x00000002   PAD
    0x0801fc48   0x00000008   Code   RO         2261    .text               c_w.l(rt_locale_intlibspace.o)
    0x0801fc50   0x00000012   Code   RO         2266    .text               c_w.l(exit.o)
    0x0801fc62   0x00000002   PAD
    0x0801fc64   0x00000008   Code   RO         2274    .text               c_w.l(libspace.o)
    0x0801fc6c   0x0000000e   Code   RO         2116    i._is_digit         c_w.l(__printf_wp.o)
    0x0801fc7a   0x00000002   PAD
    0x0801fc7c   0x0000002c   Code   RO         2264    locale$$code        c_w.l(lc_ctype_c.o)
    0x0801fca8   0x00000062   Code   RO         2169    x$fpl$d2f           fz_wm.l(d2f.o)
    0x0801fd0a   0x00000002   PAD
    0x0801fd0c   0x000002b0   Code   RO         2172    x$fpl$ddiv          fz_wm.l(ddiv.o)
    0x0801ffbc   0x0000005a   Code   RO         2175    x$fpl$dfixu         fz_wm.l(dfixu.o)
    0x08020016   0x00000026   Code   RO         2179    x$fpl$dfltu         fz_wm.l(dflt_clz.o)
    0x0802003c   0x00000154   Code   RO         2185    x$fpl$dmul          fz_wm.l(dmul.o)
    0x08020190   0x0000009c   Code   RO         2216    x$fpl$dnaninf       fz_wm.l(dnaninf.o)
    0x0802022c   0x0000000c   Code   RO         2218    x$fpl$dretinf       fz_wm.l(dretinf.o)
    0x08020238   0x0000000a   Code   RO         2343    x$fpl$fpinit        fz_wm.l(fpinit.o)
    0x08020242   0x0000000a   Code   RO         2220    x$fpl$fretinf       fz_wm.l(fretinf.o)
    0x0802024c   0x00000000   Code   RO         2222    x$fpl$usenofp       fz_wm.l(usenofp.o)
    0x0802024c   0x000017c0   Data   RO          373    .constdata          lcd.o
    0x08021a0c   0x0000006e   Data   RO          564    .constdata          i2s.o
    0x08021a7a   0x00000002   PAD
    0x08021a7c   0x0000001c   Data   RO          762    .constdata          stm32f4xx_fsmc.o
    0x08021a98   0x00000024   Data   RO          934    .constdata          malloc.o
    0x08021abc   0x0000003a   Data   RO         1055    .constdata          ff.o
    0x08021af6   0x00000002   PAD
    0x08021af8   0x00000070   Data   RO         1082    .constdata          exfuns.o
    0x08021b68   0x000003c0   Data   RO         1143    .constdata          mycc936.o
    0x08021f28   0x00000010   Data   RO         1165    .constdata          fontupd.o
    0x08021f38   0x00000010   Data   RO         1312    .constdata          avi.o
    0x08021f48   0x000001c8   Data   RO         1372    .constdata          jaricom.o
    0x08022110   0x00000140   Data   RO         1420    .constdata          jutils.o
    0x08022250   0x00000104   Data   RO         1421    .constdata          jutils.o
    0x08022354   0x000000d0   Data   RO         1422    .constdata          jutils.o
    0x08022424   0x000000a4   Data   RO         1423    .constdata          jutils.o
    0x080224c8   0x00000080   Data   RO         1424    .constdata          jutils.o
    0x08022548   0x00000064   Data   RO         1425    .constdata          jutils.o
    0x080225ac   0x00000050   Data   RO         1426    .constdata          jutils.o
    0x080225fc   0x00000200   Data   RO         1448    .constdata          jerror.o
    0x080227fc   0x00000010   Data   RO         1479    .constdata          jmemmgr.o
    0x0802280c   0x0000036c   Data   RO         1575    .constdata          jdhuff.o
    0x08022b78   0x000000c0   Data   RO         1625    .constdata          jddctmgr.o
    0x08022c38   0x0000010c   Data   RO         1713    .constdata          jquant1.o
    0x08022d44   0x00000008   Data   RO         2077    .constdata          c_w.l(_printf_wctomb.o)
    0x08022d4c   0x00000028   Data   RO         2098    .constdata          c_w.l(_printf_hex_int_ptr.o)
    0x08022d74   0x00000011   Data   RO         2124    .constdata          c_w.l(__printf_flags_ss_wp.o)
    0x08022d85   0x00000003   PAD
    0x08022d88   0x00000028   Data   RO          962    .conststring        usmart.o
    0x08022db0   0x00000200   Data   RO          986    .conststring        usmart_config.o
    0x08022fb0   0x00000040   Data   RO         1083    .conststring        exfuns.o
    0x08022ff0   0x0000005f   Data   RO         1166    .conststring        fontupd.o
    0x0802304f   0x00000001   PAD
    0x08023050   0x0000001d   Data   RO         1313    .conststring        avi.o
    0x0802306d   0x00000003   PAD
    0x08023070   0x0000130d   Data   RO         1449    .conststring        jerror.o
    0x0802437d   0x00000003   PAD
    0x08024380   0x00000020   Data   RO         2401    Region$$Table       anon$$obj.o
    0x080243a0   0x00000110   Data   RO         2263    locale$$data        c_w.l(lc_ctype_c.o)


    Execution Region RW_IRAM1 (Base: 0x20000000, Size: 0x0001f438, Max: 0x00020000, ABSOLUTE, COMPRESSED[0x00000108])

    Base Addr    Size         Type   Attr      Idx    E Section Name        Object

    0x20000000   0x00000014   Data   RW          269    .data               system_stm32f4xx.o
    0x20000014   0x00000014   Data   RW          295    .data               lvgl_demo.o
    0x20000028   0x00000004   Data   RW          374    .data               lcd.o
    0x2000002c   0x00000001   Data   RW          411    .data               key.o
    0x2000002d   0x00000001   PAD
    0x2000002e   0x00000002   Data   RW          456    .data               w25qxx.o
    0x20000030   0x00000010   Data   RW          484    .data               sdio_sdcard.o
    0x20000040   0x00000008   Data   RW          565    .data               i2s.o
    0x20000048   0x00000074   Data   RW          591    .data               wm8978.o
    0x200000bc   0x00000004   Data   RW          614    .data               timer.o
    0x200000c0   0x00000004   Data   RW          637    .data               delay.o
    0x200000c4   0x00000002   Data   RW          678    .data               usart.o
    0x200000c6   0x00000002   PAD
    0x200000c8   0x00000004   Data   RW          679    .data               usart.o
    0x200000cc   0x00000010   Data   RW          785    .data               stm32f4xx_rcc.o
    0x200000dc   0x00000024   Data   RW          935    .data               malloc.o
    0x20000100   0x0000001c   Data   RW          963    .data               usmart.o
    0x2000011c   0x00000078   Data   RW          987    .data               usmart_config.o
    0x20000194   0x000000f4   Data   RW          988    .data               usmart_config.o
    0x20000288   0x00000002   Data   RW         1030    .data               diskio.o
    0x2000028a   0x00000002   Data   RW         1056    .data               ff.o
    0x2000028c   0x0000000c   Data   RW         1084    .data               exfuns.o
    0x20000298   0x00000008   Data   RW         1217    .data               videoplayer.o
    0x200002a0   0x00000002   Data   RW         1280    .data               audioplay.o
    0x200002a2   0x00000002   PAD
    0x200002a4   0x0000001c   Data   RW         1351    .data               mjpeg.o
    0x200002c0   0x0000003c   Data   RW         1899    .data               tasks.o
    0x200002fc   0x00000014   Data   RW         1939    .data               timers.o
    0x20000310   0x00000018   Data   RW         1962    .data               heap_4.o
    0x20000328   0x0000000c   Data   RW         1985    .data               port.o
    0x20000334   0x00000002   Data   RW         2024    .data               wavplay.o
    0x20000336   0x00000002   PAD
    0x20000338   0x0000000e   Zero   RW          372    .bss                lcd.o
    0x20000346   0x00001000   Zero   RW          455    .bss                w25qxx.o
    0x20001346   0x00000002   PAD
    0x20001348   0x000002c0   Zero   RW          483    .bss                sdio_sdcard.o
    0x20001608   0x000000c8   Zero   RW          677    .bss                usart.o
    0x200016d0   0x00000010   PAD
    0x200016e0   0x00019000   Zero   RW          932    .bss                malloc.o
    0x2001a6e0   0x00001900   Zero   RW          933    .bss                malloc.o
    0x2001bfe0   0x0000000c   Zero   RW         1054    .bss                ff.o
    0x2001bfec   0x0000000c   Zero   RW         1079    .bss                exfuns.o
    0x2001bff8   0x00000021   Zero   RW         1164    .bss                fontupd.o
    0x2001c019   0x00000003   PAD
    0x2001c01c   0x00000010   Zero   RW         1216    .bss                videoplayer.o
    0x2001c02c   0x00000011   Zero   RW         1279    .bss                audioplay.o
    0x2001c03d   0x00000028   Zero   RW         1311    .bss                avi.o
    0x2001c065   0x00000003   PAD
    0x2001c068   0x00000040   Zero   RW         1871    .bss                queue.o
    0x2001c0a8   0x000002e4   Zero   RW         1898    .bss                tasks.o
    0x2001c38c   0x00000028   Zero   RW         1938    .bss                timers.o
    0x2001c3b4   0x00002800   Zero   RW         1961    .bss                heap_4.o
    0x2001ebb4   0x00000020   Zero   RW         2023    .bss                wavplay.o
    0x2001ebd4   0x00000060   Zero   RW         2275    .bss                c_w.l(libspace.o)
    0x2001ec34   0x00000004   PAD
    0x2001ec38   0x00000000   Zero   RW          713    HEAP                startup_stm32f40_41xxx.o
    0x2001ec38   0x00000800   Zero   RW          712    STACK               startup_stm32f40_41xxx.o



  Load Region LR$$.ARM.__AT_0x10000000 (Base: 0x10000000, Size: 0x00000000, Max: 0x0000f000, ABSOLUTE)

    Execution Region ER$$.ARM.__AT_0x10000000 (Base: 0x10000000, Size: 0x0000f000, Max: 0x0000f000, ABSOLUTE, UNINIT)

    Base Addr    Size         Type   Attr      Idx    E Section Name        Object

    0x10000000   0x0000f000   Zero   RW          928    .ARM.__AT_0x10000000  malloc.o



  Load Region LR$$.ARM.__AT_0x1000F000 (Base: 0x1000f000, Size: 0x00000000, Max: 0x00000f00, ABSOLUTE)

    Execution Region ER$$.ARM.__AT_0x1000F000 (Base: 0x1000f000, Size: 0x00000f00, Max: 0x00000f00, ABSOLUTE, UNINIT)

    Base Addr    Size         Type   Attr      Idx    E Section Name        Object

    0x1000f000   0x00000f00   Zero   RW          929    .ARM.__AT_0x1000F000  malloc.o



  Load Region LR$$.ARM.__AT_0x68000000 (Base: 0x68000000, Size: 0x00000000, Max: 0x000f0000, ABSOLUTE)

    Execution Region ER$$.ARM.__AT_0x68000000 (Base: 0x68000000, Size: 0x000f0000, Max: 0x000f0000, ABSOLUTE, UNINIT)

    Base Addr    Size         Type   Attr      Idx    E Section Name        Object

    0x68000000   0x000f0000   Zero   RW          930    .ARM.__AT_0x68000000  malloc.o



  Load Region LR$$.ARM.__AT_0x680F0000 (Base: 0x680f0000, Size: 0x00000000, Max: 0x0000f000, ABSOLUTE)

    Execution Region ER$$.ARM.__AT_0x680F0000 (Base: 0x680f0000, Size: 0x0000f000, Max: 0x0000f000, ABSOLUTE, UNINIT)

    Base Addr    Size         Type   Attr      Idx    E Section Name        Object

    0x680f0000   0x0000f000   Zero   RW          931    .ARM.__AT_0x680F0000  malloc.o


==============================================================================

Image component sizes


      Code (inc. data)   RO Data    RW Data    ZI Data      Debug   Object Name

      1040        110          0          2         17       4132   audioplay.o
       944        288         45          0         40      15679   avi.o
       200          6          0          4          0       1733   delay.o
       324          8          0          2          0       4018   diskio.o
         0          0          0          0          0      10308   event_groups.o
       296         14        176         12         12       2814   exfuns.o
     10472        136         58          2         12      41388   ff.o
      1210        138        111          0         33       4980   fontupd.o
       532         66          0         24      10240       3560   heap_4.o
       736         40        110          8          0       3876   i2s.o
         0          0        456          0          0       2674   jaricom.o
       114          0          0          0          0      14768   jcomapi.o
       928         22          0          0          0       3677   jdapimin.o
       692          0          0          0          0       2764   jdapistd.o
      2632         36          0          0          0       8778   jdarith.o
      2372         28          0          0          0      13262   jdcoefct.o
      1796         72          0          0          0       8538   jdcolor.o
      1004        152        192          0          0       3708   jddctmgr.o
      4976         66        876          0          0      18889   jdhuff.o
      2060         46          0          0          0       4313   jdinput.o
      1100         16          0          0          0       5078   jdmainct.o
      6064        122          0          0          0      16897   jdmarker.o
      1448         18          0          0          0       3992   jdmaster.o
      1160         32          0          0          0       4641   jdmerge.o
       596         18          0          0          0       2934   jdpostct.o
       756         28          0          0          0       4922   jdsample.o
       320         30       5389          0          0      13418   jerror.o
       832         20          0          0          0       2234   jidctflt.o
       718          0          0          0          0       2762   jidctfst.o
     21144        376          0          0          0      37758   jidctint.o
      2268         72         16          0          0      25396   jmemmgr.o
        38          0          0          0          0       2915   jmemnobs.o
      1864         40        268          0          0      10324   jquant1.o
      3056         30          0          0          0      14628   jquant2.o
        76          0       1260          0          0      15711   jutils.o
       260         12          0          1          0        948   key.o
     12914        102       6080          4         14      21272   lcd.o
        64          6          0          0          0        547   led.o
       136          0          0          0          0       1950   list.o
       304         78          0         20          0      13289   lvgl_demo.o
       524        158          0          0          0     325622   main.o
       452         10         36         36    1218560       5111   malloc.o
       176         12          0          0          0       1997   misc.o
       596         84          0         28          0       3539   mjpeg.o
       148         14        960          0          0       1685   mycc936.o
       548          8          0          0          0       2032   myiic.o
       790        104          0         12          0       8309   port.o
      2732         52          0          0         64      19744   queue.o
      6028        120          0         16        704      26571   sdio_sdcard.o
       268         10          0          0          0       1101   spi.o
        60         22        392          0       2048        836   startup_stm32f40_41xxx.o
       800         32          0          0          0       7017   stm32f4xx_dma.o
      1096         10         28          0          0       6154   stm32f4xx_fsmc.o
       524         44          0          0          0       4521   stm32f4xx_gpio.o
        12          0          0          0          0        935   stm32f4xx_it.o
      1152         48          0         16          0      13396   stm32f4xx_rcc.o
       440         14          0          0          0       7584   stm32f4xx_sdio.o
       812         36          0          0          0       7425   stm32f4xx_spi.o
      2524         52          0          0          0      24046   stm32f4xx_tim.o
       856         32          0          0          0       8340   stm32f4xx_usart.o
        16          0          0          0          0        492   sys.o
       380         36          0         20          0       1903   system_stm32f4xx.o
      4940        180          0         60        740      33514   tasks.o
       564         18          0          0          0       3288   text.o
       276         26          0          4          0       1618   timer.o
      1304        128          0         20         40       9120   timers.o
       284         16          0          6        200       3390   usart.o
      2836       1292         40         28          0       4748   usmart.o
         0          0        512        364          0       1532   usmart_config.o
      1056         12          0          0          0       6243   usmart_str.o
      2304        332          0          8         16       8354   videoplayer.o
       868         30          0          2       4096       4883   w25qxx.o
      1132        216          0          2         32       3785   wavplay.o
       872         12          0        116          0       5575   wm8978.o

    ----------------------------------------------------------------------
    124828       5388      17048        824    1236892     939885   Object Totals
         0          0         32          0          0          0   (incl. Generated)
        12          0         11          7         24          0   (incl. Padding)

    ----------------------------------------------------------------------

      Code (inc. data)   RO Data    RW Data    ZI Data      Debug   Library Member Name

        60          8          0          0          0         84   __0sscanf.o
        90          0          0          0          0          0   __dczerorl2.o
         8          0          0          0          0         68   __main.o
       392          4         17          0          0         92   __printf_flags_ss_wp.o
        14          0          0          0          0         68   __printf_wp.o
         0          0          0          0          0          0   __rtentry.o
        12          0          0          0          0          0   __rtentry2.o
         6          0          0          0          0          0   __rtentry4.o
        52          8          0          0          0          0   __scatter.o
        28          0          0          0          0          0   __scatter_zi.o
        28          0          0          0          0         68   _chval.o
         6          0          0          0          0          0   _printf_c.o
        44          0          0          0          0        108   _printf_char.o
        48          6          0          0          0         96   _printf_char_common.o
        36          4          0          0          0         80   _printf_char_file.o
        40          0          0          0          0         68   _printf_charcount.o
         6          0          0          0          0          0   _printf_d.o
       120         16          0          0          0         92   _printf_dec.o
       124          4         40          0          0        144   _printf_hex_int_ptr.o
         6          0          0          0          0          0   _printf_i.o
       178          0          0          0          0         88   _printf_intcommon.o
        10          0          0          0          0          0   _printf_l.o
         6          0          0          0          0          0   _printf_lc.o
         6          0          0          0          0          0   _printf_n.o
         6          0          0          0          0          0   _printf_o.o
        84         10          0          0          0         88   _printf_oct_int.o
         6          0          0          0          0          0   _printf_p.o
        78          0          0          0          0        108   _printf_pad.o
         0          0          0          0          0          0   _printf_percent.o
         4          0          0          0          0          0   _printf_percent_end.o
         6          0          0          0          0          0   _printf_s.o
        82          0          0          0          0         80   _printf_str.o
        36          0          0          0          0         84   _printf_truncate.o
         6          0          0          0          0          0   _printf_u.o
        44          0          0          0          0        108   _printf_wchar.o
       188          6          8          0          0         92   _printf_wctomb.o
         6          0          0          0          0          0   _printf_x.o
       884          6          0          0          0        100   _scanf.o
       332          0          0          0          0         96   _scanf_int.o
       224          0          0          0          0         96   _scanf_str.o
        64          0          0          0          0         84   _sgetc.o
        10          0          0          0          0         68   _sputc.o
        64          0          0          0          0         92   _wcrtomb.o
        16          0          0          0          0         68   aeabi_memset.o
        18          0          0          0          0         80   exit.o
         8          0          0          0          0         68   ferror.o
         6          0          0          0          0        152   heapauxi.o
        18          0          0          0          0         76   isspace.o
        44         10        272          0          0         76   lc_ctype_c.o
         2          0          0          0          0          0   libinit.o
        24          0          0          0          0          0   libinit2.o
         2          0          0          0          0          0   libshutdown.o
         2          0          0          0          0          0   libshutdown2.o
         8          4          0          0         96         68   libspace.o
        72          0          0          0          0         76   llsdiv.o
       238          0          0          0          0        100   lludivv7m.o
        24          4          0          0          0         84   noretval__2printf.o
        40          6          0          0          0         84   noretval__2sprintf.o
        16          4          0          0          0         76   rt_ctype_table.o
         8          4          0          0          0         68   rt_locale_intlibspace.o
        68          0          0          0          0         68   rt_memclr.o
        78          0          0          0          0         80   rt_memclr_w.o
       138          0          0          0          0         68   rt_memcpy_v6.o
       100          0          0          0          0         80   rt_memcpy_w.o
         2          0          0          0          0          0   rtexit.o
        10          0          0          0          0          0   rtexit2.o
        44          8          0          0          0         84   scanf_char.o
        24          0          0          0          0         68   strcat.o
       128          0          0          0          0         68   strcmpv7m.o
        72          0          0          0          0         80   strcpy.o
        62          0          0          0          0         76   strlen.o
        86          0          0          0          0         76   strncpy.o
        74          0          0          0          0         80   sys_stackheap_outer.o
         2          0          0          0          0         68   use_no_semi.o
         2          0          0          0          0         68   use_no_semi_2.o
        98          4          0          0          0        140   d2f.o
       688        140          0          0          0        256   ddiv.o
        90          4          0          0          0        140   dfixu.o
        38          0          0          0          0        116   dflt_clz.o
       340         12          0          0          0        152   dmul.o
       156          4          0          0          0        140   dnaninf.o
        12          0          0          0          0        116   dretinf.o
        10          0          0          0          0        116   fpinit.o
        10          0          0          0          0        116   fretinf.o
        98          0          0          0          0        144   setjmp.o
         0          0          0          0          0          0   usenofp.o

    ----------------------------------------------------------------------
      6440        276        340          0        100       5628   Library Totals
        20          0          3          0          4          0   (incl. Padding)

    ----------------------------------------------------------------------

      Code (inc. data)   RO Data    RW Data    ZI Data      Debug   Library Name

      4880        112        337          0         96       4192   c_w.l
      1540        164          0          0          0       1436   fz_wm.l

    ----------------------------------------------------------------------
      6440        276        340          0        100       5628   Library Totals

    ----------------------------------------------------------------------

==============================================================================


      Code (inc. data)   RO Data    RW Data    ZI Data      Debug   

    131268       5664      17388        824    1236992     928221   Grand Totals
    131268       5664      17388        264    1236992     928221   ELF Image Totals (compressed)
    131268       5664      17388        264          0          0   ROM Totals

==============================================================================

    Total RO  Size (Code + RO Data)               148656 ( 145.17kB)
    Total RW  Size (RW Data + ZI Data)           1237816 (1208.80kB)
    Total ROM Size (Code + RO Data + RW Data)     148920 ( 145.43kB)

==============================================================================

