<html>
<body>
<pre>
<h1>礦ision Build Log</h1>
<h2>Tool Versions:</h2>
IDE-Version: μVision V5.16.0.0
Copyright (C) 2015 ARM Ltd and ARM Germany GmbH. All rights reserved.
License Information: 123 Administrator, 123, LIC=QF82M-XP26L-304NC-747LG-XPR11-9IZPL
 
Tool Versions:
Toolchain:       MDK-ARM Standard  Version: 5.16.0.0
Toolchain Path:  D:\keil\ARM\ARMCC\Bin
C Compiler:      Armcc.exe V5.06 (build 20)
Assembler:       Armasm.exe V5.06 (build 20)
Linker/Locator:  ArmLink.exe V5.06 (build 20)
Library Manager: ArmAr.exe V5.06 (build 20)
Hex Converter:   FromElf.exe V5.06 (build 20)
CPU DLL:         SARMCM3.DLL V5.16.0.0
Dialog DLL:      DCM.DLL V1.13.2.0
Target DLL:      STLink\ST-LINKIII-KEIL_SWO.dll V2.0.17.0
Dialog DLL:      TCM.DLL V1.14.5.0
 
<h2>Project:</h2>
C:\Users\Administrator\Desktop\实验45 视频播放器实验\USER\VIDEOPLAYER.uvprojx
Project File Date:  07/23/2024

<h2>Output:</h2>
*** Using Compiler 'V5.06 (build 20)', folder: 'D:\keil\ARM\ARMCC\Bin'
Rebuild target 'VIDEOPLAYER'
compiling spi.c...
compiling i2s.c...
compiling led.c...
compiling 24cxx.c...
compiling key.c...
compiling myiic.c...
compiling w25qxx.c...
compiling system_stm32f4xx.c...
compiling timer.c...
compiling wm8978.c...
compiling stm32f4xx_it.c...
compiling lvgl_demo.c...
compiling lcd.c...
compiling main.c...
assembling startup_stm32f40_41xxx.s...
compiling sdio_sdcard.c...
compiling sys.c...
compiling usart.c...
compiling misc.c...
compiling delay.c...
compiling stm32f4xx_gpio.c...
compiling stm32f4xx_usart.c...
compiling stm32f4xx_fsmc.c...
compiling stm32f4xx_syscfg.c...
compiling stm32f4xx_rcc.c...
compiling stm32f4xx_tim.c...
compiling malloc.c...
compiling stm32f4xx_spi.c...
compiling stm32f4xx_sdio.c...
compiling stm32f4xx_dma.c...
compiling usmart.c...
compiling jaricom.c...
compiling jcomapi.c...
compiling jutils.c...
compiling ff.c...
compiling usmart_config.c...
compiling jerror.c...
compiling usmart_str.c...
compiling jdapistd.c...
compiling jdapimin.c...
compiling diskio.c...
compiling jmemmgr.c...
compiling exfuns.c...
compiling mycc936.c...
compiling jdarith.c...
compiling jdmaster.c...
compiling fattester.c...
compiling fontupd.c...
compiling text.c...
compiling jdinput.c...
compiling avi.c...
compiling jdmainct.c...
compiling jdpostct.c...
compiling mjpeg.c...
compiling audioplay.c...
compiling jddctmgr.c...
compiling jdcoefct.c...
compiling jidctflt.c...
compiling jidctfst.c...
compiling jdsample.c...
compiling jdhuff.c...
compiling videoplayer.c...
compiling jdmarker.c...
compiling wrppm.c...
compiling jdcolor.c...
compiling jquant1.c...
compiling jquant2.c...
compiling jmemnobs.c...
compiling jdmerge.c...
compiling croutine.c...
compiling list.c...
compiling event_groups.c...
compiling heap_4.c...
compiling port.c...
compiling wavplay.c...
compiling timers.c...
compiling queue.c...
compiling tasks.c...
compiling jidctint.c...
linking...
Program Size: Code=131268 RO-data=17388 RW-data=824 ZI-data=1236992  
FromELF: creating hex file...
"..\OBJ\VIDEOPLAYER.axf" - 0 Error(s), 0 Warning(s).

<h2>Collection of Component include folders:</h2>
  C:\Users\Administrator\Desktop\实验45 视频播放器实验\USER\RTE
  D:\keil\Keil\STM32F4xx_DFP\2.13.0\Drivers\CMSIS\Device\ST\STM32F4xx\Include

<h2>Collection of Component Files used:</h2>
Build Time Elapsed:  00:00:07
</pre>
</body>
</html>
